performance-test	Set up job	ï»¿2026-01-13T02:18:21.2991232Z Current runner version: '2.330.0'
performance-test	Set up job	2026-01-13T02:18:21.3017766Z ##[group]Runner Image Provisioner
performance-test	Set up job	2026-01-13T02:18:21.3018911Z Hosted Compute Agent
performance-test	Set up job	2026-01-13T02:18:21.3019534Z Version: 20251211.462
performance-test	Set up job	2026-01-13T02:18:21.3020164Z Commit: 6cbad8c2bb55d58165063d031ccabf57e2d2db61
performance-test	Set up job	2026-01-13T02:18:21.3020872Z Build Date: 2025-12-11T16:28:49Z
performance-test	Set up job	2026-01-13T02:18:21.3021549Z Worker ID: {4e56a37b-f041-4f34-9399-cfdfef8bf2e5}
performance-test	Set up job	2026-01-13T02:18:21.3022255Z ##[endgroup]
performance-test	Set up job	2026-01-13T02:18:21.3022820Z ##[group]Operating System
performance-test	Set up job	2026-01-13T02:18:21.3023342Z Ubuntu
performance-test	Set up job	2026-01-13T02:18:21.3023822Z 24.04.3
performance-test	Set up job	2026-01-13T02:18:21.3024335Z LTS
performance-test	Set up job	2026-01-13T02:18:21.3024846Z ##[endgroup]
performance-test	Set up job	2026-01-13T02:18:21.3025321Z ##[group]Runner Image
performance-test	Set up job	2026-01-13T02:18:21.3026121Z Image: ubuntu-24.04
performance-test	Set up job	2026-01-13T02:18:21.3026685Z Version: 20260105.202.1
performance-test	Set up job	2026-01-13T02:18:21.3027704Z Included Software: https://github.com/actions/runner-images/blob/ubuntu24/20260105.202/images/ubuntu/Ubuntu2404-Readme.md
performance-test	Set up job	2026-01-13T02:18:21.3029199Z Image Release: https://github.com/actions/runner-images/releases/tag/ubuntu24%2F20260105.202
performance-test	Set up job	2026-01-13T02:18:21.3030821Z ##[endgroup]
performance-test	Set up job	2026-01-13T02:18:21.3031972Z ##[group]GITHUB_TOKEN Permissions
performance-test	Set up job	2026-01-13T02:18:21.3034076Z Contents: read
performance-test	Set up job	2026-01-13T02:18:21.3034769Z Metadata: read
performance-test	Set up job	2026-01-13T02:18:21.3035303Z Packages: read
performance-test	Set up job	2026-01-13T02:18:21.3035775Z ##[endgroup]
performance-test	Set up job	2026-01-13T02:18:21.3038233Z Secret source: Actions
performance-test	Set up job	2026-01-13T02:18:21.3039243Z Prepare workflow directory
performance-test	Set up job	2026-01-13T02:18:21.3371126Z Prepare all required actions
performance-test	Set up job	2026-01-13T02:18:21.3410735Z Getting action download info
performance-test	Set up job	2026-01-13T02:18:21.8103080Z Download action repository 'actions/checkout@v4' (SHA:34e114876b0b11c390a56381ad16ebd13914f8d5)
performance-test	Set up job	2026-01-13T02:18:21.9007175Z Download action repository 'actions/setup-node@v4' (SHA:49933ea5288caeca8642d1e84afbd3f7d6820020)
performance-test	Set up job	2026-01-13T02:18:22.0200463Z Download action repository 'actions/upload-artifact@v4' (SHA:ea165f8d65b6e75b540449e92b4886f43607fa02)
performance-test	Set up job	2026-01-13T02:18:22.1274015Z Download action repository 'actions/github-script@v7' (SHA:f28e40c7f34bde8b3046d885e986cb6290c5673b)
performance-test	Set up job	2026-01-13T02:18:22.7435562Z Complete job name: performance-test
performance-test	Checkout code	ï»¿2026-01-13T02:18:22.8191663Z ##[group]Run actions/checkout@v4
performance-test	Checkout code	2026-01-13T02:18:22.8192624Z with:
performance-test	Checkout code	2026-01-13T02:18:22.8193135Z   repository: KuschiKuschbert/prepflow-landing
performance-test	Checkout code	2026-01-13T02:18:22.8193964Z   token: ***
performance-test	Checkout code	2026-01-13T02:18:22.8194392Z   ssh-strict: true
performance-test	Checkout code	2026-01-13T02:18:22.8194820Z   ssh-user: git
performance-test	Checkout code	2026-01-13T02:18:22.8195260Z   persist-credentials: true
performance-test	Checkout code	2026-01-13T02:18:22.8195740Z   clean: true
performance-test	Checkout code	2026-01-13T02:18:22.8196653Z   sparse-checkout-cone-mode: true
performance-test	Checkout code	2026-01-13T02:18:22.8197269Z   fetch-depth: 1
performance-test	Checkout code	2026-01-13T02:18:22.8197703Z   fetch-tags: false
performance-test	Checkout code	2026-01-13T02:18:22.8198139Z   show-progress: true
performance-test	Checkout code	2026-01-13T02:18:22.8198581Z   lfs: false
performance-test	Checkout code	2026-01-13T02:18:22.8198983Z   submodules: false
performance-test	Checkout code	2026-01-13T02:18:22.8199446Z   set-safe-directory: true
performance-test	Checkout code	2026-01-13T02:18:22.8200229Z ##[endgroup]
performance-test	Checkout code	2026-01-13T02:18:22.9299754Z Syncing repository: KuschiKuschbert/prepflow-landing
performance-test	Checkout code	2026-01-13T02:18:22.9301809Z ##[group]Getting Git version info
performance-test	Checkout code	2026-01-13T02:18:22.9302685Z Working directory is '/home/runner/work/prepflow-landing/prepflow-landing'
performance-test	Checkout code	2026-01-13T02:18:22.9303876Z [command]/usr/bin/git version
performance-test	Checkout code	2026-01-13T02:18:22.9371262Z git version 2.52.0
performance-test	Checkout code	2026-01-13T02:18:22.9397927Z ##[endgroup]
performance-test	Checkout code	2026-01-13T02:18:22.9412542Z Temporarily overriding HOME='/home/runner/work/_temp/c01e304a-bbdf-476e-a3a6-0d8c2dec9de0' before making global git config changes
performance-test	Checkout code	2026-01-13T02:18:22.9414886Z Adding repository directory to the temporary git global config as a safe directory
performance-test	Checkout code	2026-01-13T02:18:22.9425837Z [command]/usr/bin/git config --global --add safe.directory /home/runner/work/prepflow-landing/prepflow-landing
performance-test	Checkout code	2026-01-13T02:18:22.9466540Z Deleting the contents of '/home/runner/work/prepflow-landing/prepflow-landing'
performance-test	Checkout code	2026-01-13T02:18:22.9470371Z ##[group]Initializing the repository
performance-test	Checkout code	2026-01-13T02:18:22.9474573Z [command]/usr/bin/git init /home/runner/work/prepflow-landing/prepflow-landing
performance-test	Checkout code	2026-01-13T02:18:22.9572433Z hint: Using 'master' as the name for the initial branch. This default branch name
performance-test	Checkout code	2026-01-13T02:18:22.9574763Z hint: will change to "main" in Git 3.0. To configure the initial branch name
performance-test	Checkout code	2026-01-13T02:18:22.9577656Z hint: to use in all of your new repositories, which will suppress this warning,
performance-test	Checkout code	2026-01-13T02:18:22.9578911Z hint: call:
performance-test	Checkout code	2026-01-13T02:18:22.9579402Z hint:
performance-test	Checkout code	2026-01-13T02:18:22.9580231Z hint: 	git config --global init.defaultBranch <name>
performance-test	Checkout code	2026-01-13T02:18:22.9581206Z hint:
performance-test	Checkout code	2026-01-13T02:18:22.9581929Z hint: Names commonly chosen instead of 'master' are 'main', 'trunk' and
performance-test	Checkout code	2026-01-13T02:18:22.9583252Z hint: 'development'. The just-created branch can be renamed via this command:
performance-test	Checkout code	2026-01-13T02:18:22.9584509Z hint:
performance-test	Checkout code	2026-01-13T02:18:22.9584939Z hint: 	git branch -m <name>
performance-test	Checkout code	2026-01-13T02:18:22.9585430Z hint:
performance-test	Checkout code	2026-01-13T02:18:22.9586305Z hint: Disable this message with "git config set advice.defaultBranchName false"
performance-test	Checkout code	2026-01-13T02:18:22.9587692Z Initialized empty Git repository in /home/runner/work/prepflow-landing/prepflow-landing/.git/
performance-test	Checkout code	2026-01-13T02:18:22.9590582Z [command]/usr/bin/git remote add origin https://github.com/KuschiKuschbert/prepflow-landing
performance-test	Checkout code	2026-01-13T02:18:22.9624601Z ##[endgroup]
performance-test	Checkout code	2026-01-13T02:18:22.9625898Z ##[group]Disabling automatic garbage collection
performance-test	Checkout code	2026-01-13T02:18:22.9628518Z [command]/usr/bin/git config --local gc.auto 0
performance-test	Checkout code	2026-01-13T02:18:22.9658520Z ##[endgroup]
performance-test	Checkout code	2026-01-13T02:18:22.9659351Z ##[group]Setting up auth
performance-test	Checkout code	2026-01-13T02:18:22.9666322Z [command]/usr/bin/git config --local --name-only --get-regexp core\.sshCommand
performance-test	Checkout code	2026-01-13T02:18:22.9699655Z [command]/usr/bin/git submodule foreach --recursive sh -c "git config --local --name-only --get-regexp 'core\.sshCommand' && git config --local --unset-all 'core.sshCommand' || :"
performance-test	Checkout code	2026-01-13T02:18:23.0065044Z [command]/usr/bin/git config --local --name-only --get-regexp http\.https\:\/\/github\.com\/\.extraheader
performance-test	Checkout code	2026-01-13T02:18:23.0096564Z [command]/usr/bin/git submodule foreach --recursive sh -c "git config --local --name-only --get-regexp 'http\.https\:\/\/github\.com\/\.extraheader' && git config --local --unset-all 'http.https://github.com/.extraheader' || :"
performance-test	Checkout code	2026-01-13T02:18:23.0318922Z [command]/usr/bin/git config --local --name-only --get-regexp ^includeIf\.gitdir:
performance-test	Checkout code	2026-01-13T02:18:23.0350049Z [command]/usr/bin/git submodule foreach --recursive git config --local --show-origin --name-only --get-regexp remote.origin.url
performance-test	Checkout code	2026-01-13T02:18:23.0580891Z [command]/usr/bin/git config --local http.https://github.com/.extraheader AUTHORIZATION: basic ***
performance-test	Checkout code	2026-01-13T02:18:23.0615453Z ##[endgroup]
performance-test	Checkout code	2026-01-13T02:18:23.0616915Z ##[group]Fetching the repository
performance-test	Checkout code	2026-01-13T02:18:23.0624428Z [command]/usr/bin/git -c protocol.version=2 fetch --no-tags --prune --no-recurse-submodules --depth=1 origin +872579d56a436ccd478b1d57128ccc23bd3bb3ed:refs/remotes/origin/main
performance-test	Checkout code	2026-01-13T02:18:25.8911573Z From https://github.com/KuschiKuschbert/prepflow-landing
performance-test	Checkout code	2026-01-13T02:18:25.8914400Z  * [new ref]           872579d56a436ccd478b1d57128ccc23bd3bb3ed -> origin/main
performance-test	Checkout code	2026-01-13T02:18:25.8944417Z ##[endgroup]
performance-test	Checkout code	2026-01-13T02:18:25.8946264Z ##[group]Determining the checkout info
performance-test	Checkout code	2026-01-13T02:18:25.8949624Z ##[endgroup]
performance-test	Checkout code	2026-01-13T02:18:25.8953811Z [command]/usr/bin/git sparse-checkout disable
performance-test	Checkout code	2026-01-13T02:18:25.8995392Z [command]/usr/bin/git config --local --unset-all extensions.worktreeConfig
performance-test	Checkout code	2026-01-13T02:18:25.9023314Z ##[group]Checking out the ref
performance-test	Checkout code	2026-01-13T02:18:25.9027616Z [command]/usr/bin/git checkout --progress --force -B main refs/remotes/origin/main
performance-test	Checkout code	2026-01-13T02:18:26.9318648Z Updating files:  85% (25578/29880)
performance-test	Checkout code	2026-01-13T02:18:26.9408914Z Updating files:  86% (25697/29880)
performance-test	Checkout code	2026-01-13T02:18:26.9497598Z Updating files:  87% (25996/29880)
performance-test	Checkout code	2026-01-13T02:18:26.9590277Z Updating files:  88% (26295/29880)
performance-test	Checkout code	2026-01-13T02:18:26.9684036Z Updating files:  89% (26594/29880)
performance-test	Checkout code	2026-01-13T02:18:26.9780593Z Updating files:  90% (26892/29880)
performance-test	Checkout code	2026-01-13T02:18:26.9871737Z Updating files:  91% (27191/29880)
performance-test	Checkout code	2026-01-13T02:18:27.0018828Z Updating files:  92% (27490/29880)
performance-test	Checkout code	2026-01-13T02:18:27.0136721Z Updating files:  93% (27789/29880)
performance-test	Checkout code	2026-01-13T02:18:27.0248130Z Updating files:  94% (28088/29880)
performance-test	Checkout code	2026-01-13T02:18:27.0359219Z Updating files:  95% (28386/29880)
performance-test	Checkout code	2026-01-13T02:18:27.0473138Z Updating files:  96% (28685/29880)
performance-test	Checkout code	2026-01-13T02:18:27.0589756Z Updating files:  97% (28984/29880)
performance-test	Checkout code	2026-01-13T02:18:27.0792444Z Updating files:  98% (29283/29880)
performance-test	Checkout code	2026-01-13T02:18:27.1406944Z Updating files:  99% (29582/29880)
performance-test	Checkout code	2026-01-13T02:18:27.1409375Z Updating files: 100% (29880/29880)
performance-test	Checkout code	2026-01-13T02:18:27.1409843Z Updating files: 100% (29880/29880), done.
performance-test	Checkout code	2026-01-13T02:18:27.1734572Z Switched to a new branch 'main'
performance-test	Checkout code	2026-01-13T02:18:27.1737063Z branch 'main' set up to track 'origin/main'.
performance-test	Checkout code	2026-01-13T02:18:27.1771924Z ##[endgroup]
performance-test	Checkout code	2026-01-13T02:18:27.1813834Z [command]/usr/bin/git log -1 --format=%H
performance-test	Checkout code	2026-01-13T02:18:27.1838259Z 872579d56a436ccd478b1d57128ccc23bd3bb3ed
performance-test	Setup Node.js	ï»¿2026-01-13T02:18:27.2142906Z ##[group]Run actions/setup-node@v4
performance-test	Setup Node.js	2026-01-13T02:18:27.2143206Z with:
performance-test	Setup Node.js	2026-01-13T02:18:27.2143389Z   node-version: 22
performance-test	Setup Node.js	2026-01-13T02:18:27.2143593Z   cache: npm
performance-test	Setup Node.js	2026-01-13T02:18:27.2143773Z   always-auth: false
performance-test	Setup Node.js	2026-01-13T02:18:27.2143973Z   check-latest: false
performance-test	Setup Node.js	2026-01-13T02:18:27.2144406Z   token: ***
performance-test	Setup Node.js	2026-01-13T02:18:27.2144585Z ##[endgroup]
performance-test	Setup Node.js	2026-01-13T02:18:27.3920349Z Found in cache @ /opt/hostedtoolcache/node/22.21.1/x64
performance-test	Setup Node.js	2026-01-13T02:18:27.3927969Z ##[group]Environment details
performance-test	Setup Node.js	2026-01-13T02:18:27.7345277Z node: v22.21.1
performance-test	Setup Node.js	2026-01-13T02:18:27.7345673Z npm: 10.9.4
performance-test	Setup Node.js	2026-01-13T02:18:27.7347967Z yarn: 1.22.22
performance-test	Setup Node.js	2026-01-13T02:18:27.7349093Z ##[endgroup]
performance-test	Setup Node.js	2026-01-13T02:18:27.7367134Z [command]/opt/hostedtoolcache/node/22.21.1/x64/bin/npm config get cache
performance-test	Setup Node.js	2026-01-13T02:18:27.8432621Z /home/runner/.npm
performance-test	Setup Node.js	2026-01-13T02:18:28.1323959Z Cache hit for: node-cache-Linux-x64-npm-bbb98e059c54c8e956f09465630b54c53a49fc201263622719e37461716c29ea
performance-test	Setup Node.js	2026-01-13T02:18:29.4425295Z Received 0 of 278944198 (0.0%), 0.0 MBs/sec
performance-test	Setup Node.js	2026-01-13T02:18:30.4457608Z Received 125829120 of 278944198 (45.1%), 60.0 MBs/sec
performance-test	Setup Node.js	2026-01-13T02:18:31.4436397Z Received 243269632 of 278944198 (87.2%), 77.3 MBs/sec
performance-test	Setup Node.js	2026-01-13T02:18:32.4437252Z Received 264241152 of 278944198 (94.7%), 63.0 MBs/sec
performance-test	Setup Node.js	2026-01-13T02:18:33.4449252Z Received 274749894 of 278944198 (98.5%), 52.4 MBs/sec
performance-test	Setup Node.js	2026-01-13T02:18:33.4723908Z Received 278944198 of 278944198 (100.0%), 52.9 MBs/sec
performance-test	Setup Node.js	2026-01-13T02:18:33.4725673Z Cache Size: ~266 MB (278944198 B)
performance-test	Setup Node.js	2026-01-13T02:18:33.4842387Z [command]/usr/bin/tar -xf /home/runner/work/_temp/e9a80b96-8e99-47ea-a9d8-f4b598ecc162/cache.tzst -P -C /home/runner/work/prepflow-landing/prepflow-landing --use-compress-program unzstd
performance-test	Setup Node.js	2026-01-13T02:18:34.0287062Z Cache restored successfully
performance-test	Setup Node.js	2026-01-13T02:18:34.0815595Z Cache restored from key: node-cache-Linux-x64-npm-bbb98e059c54c8e956f09465630b54c53a49fc201263622719e37461716c29ea
performance-test	Install dependencies	ï»¿2026-01-13T02:18:34.0973659Z ##[group]Run npm ci
performance-test	Install dependencies	2026-01-13T02:18:34.0973962Z [36;1mnpm ci[0m
performance-test	Install dependencies	2026-01-13T02:18:34.1019715Z shell: /usr/bin/bash -e {0}
performance-test	Install dependencies	2026-01-13T02:18:34.1020023Z ##[endgroup]
performance-test	Install dependencies	2026-01-13T02:18:42.2022481Z npm warn deprecated rimraf@2.6.3: Rimraf versions prior to v4 are no longer supported
performance-test	Install dependencies	2026-01-13T02:18:43.2159003Z npm warn deprecated node-domexception@1.0.0: Use your platform's native DOMException instead
performance-test	Install dependencies	2026-01-13T02:19:00.9121084Z 
performance-test	Install dependencies	2026-01-13T02:19:00.9121718Z > curbos@0.6.7 prepare
performance-test	Install dependencies	2026-01-13T02:19:00.9122150Z > husky
performance-test	Install dependencies	2026-01-13T02:19:00.9122314Z 
performance-test	Install dependencies	2026-01-13T02:19:01.0063525Z 
performance-test	Install dependencies	2026-01-13T02:19:01.0064543Z added 1442 packages, and audited 1443 packages in 27s
performance-test	Install dependencies	2026-01-13T02:19:01.0067518Z 
performance-test	Install dependencies	2026-01-13T02:19:01.0069361Z 296 packages are looking for funding
performance-test	Install dependencies	2026-01-13T02:19:01.0070071Z   run `npm fund` for details
performance-test	Install dependencies	2026-01-13T02:19:01.0080588Z 
performance-test	Install dependencies	2026-01-13T02:19:01.0080916Z found 0 vulnerabilities
performance-test	Build application	ï»¿2026-01-13T02:19:01.1779339Z ##[group]Run npm run build
performance-test	Build application	2026-01-13T02:19:01.1779634Z [36;1mnpm run build[0m
performance-test	Build application	2026-01-13T02:19:01.1817011Z shell: /usr/bin/bash -e {0}
performance-test	Build application	2026-01-13T02:19:01.1817263Z env:
performance-test	Build application	2026-01-13T02:19:01.1817672Z   NEXT_PUBLIC_SUPABASE_URL: ***
performance-test	Build application	2026-01-13T02:19:01.1818934Z   NEXT_PUBLIC_SUPABASE_ANON_KEY: ***
performance-test	Build application	2026-01-13T02:19:01.1820500Z   SUPABASE_SERVICE_ROLE_KEY: ***
performance-test	Build application	2026-01-13T02:19:01.1820742Z ##[endgroup]
performance-test	Build application	2026-01-13T02:19:01.2813918Z 
performance-test	Build application	2026-01-13T02:19:01.2814368Z > curbos@0.6.7 build
performance-test	Build application	2026-01-13T02:19:01.2814795Z > next build
performance-test	Build application	2026-01-13T02:19:01.2814952Z 
performance-test	Build application	2026-01-13T02:19:02.1694177Z âš  No build cache found. Please configure build caching for faster rebuilds. Read more: https://nextjs.org/docs/messages/no-cache
performance-test	Build application	2026-01-13T02:19:02.1863102Z Attention: Next.js now collects completely anonymous telemetry regarding usage.
performance-test	Build application	2026-01-13T02:19:02.1864562Z This information is used to shape Next.js' roadmap and prioritize features.
performance-test	Build application	2026-01-13T02:19:02.1866479Z You can learn more, including how to opt-out if you'd not like to participate in this anonymous program, by visiting the following URL:
performance-test	Build application	2026-01-13T02:19:02.1867961Z https://nextjs.org/telemetry
performance-test	Build application	2026-01-13T02:19:02.1868257Z 
performance-test	Build application	2026-01-13T02:19:02.2055403Z    â–² Next.js 16.0.10 (Turbopack)
performance-test	Build application	2026-01-13T02:19:02.2056240Z    - Experiments (use with caution):
performance-test	Build application	2026-01-13T02:19:02.2056760Z      âœ“ optimizeCss
performance-test	Build application	2026-01-13T02:19:02.2059353Z      Â· optimizePackageImports
performance-test	Build application	2026-01-13T02:19:02.2060262Z 
performance-test	Build application	2026-01-13T02:19:02.2357928Z  âš  The "middleware" file convention is deprecated. Please use "proxy" instead. Learn more: https://nextjs.org/docs/messages/middleware-to-proxy
performance-test	Build application	2026-01-13T02:19:02.3376912Z    Creating an optimized production build ...
performance-test	Build application	2026-01-13T02:19:56.6231263Z Turbopack build encountered 4 warnings:
performance-test	Build application	2026-01-13T02:19:56.6232244Z ./lib/ai/recipe-database-helpers.ts:15:30
performance-test	Build application	2026-01-13T02:19:56.6233213Z The file pattern '/ROOT/data/recipe-database' matches 24830 files in [project]/
performance-test	Build application	2026-01-13T02:19:56.6235030Z [0m [90m 13 |[39m [36mconst[39m gunzip [33m=[39m promisify(zlib[33m.[39mgunzip)[33m;[39m
performance-test	Build application	2026-01-13T02:19:56.6236238Z  [90m 14 |[39m
performance-test	Build application	2026-01-13T02:19:56.6238493Z [31m[1m>[22m[39m[90m 15 |[39m [36mconst[39m [33mRECIPE_DATABASE_PATH[39m [33m=[39m path[33m.[39mjoin(process[33m.[39mcwd()[33m,[39m [32m'data'[39m[33m,[39m [32m'recipe-database'[39m)[33m;[39m
performance-test	Build application	2026-01-13T02:19:56.6245478Z  [90m    |[39m                              [31m[1m^[22m[39m[31m[1m^[22m[39m[31m[1m^[22m[39m[31m[1m^[22m[39m[31m[1m^[22m[39m[31m[1m^[22m[39m[31m[1m^[22m[39m[31m[1m^[22m[39m[31m[1m^[22m[39m[31m[1m^[22m[39m[31m[1m^[22m[39m[31m[1m^[22m[39m[31m[1m^[22m[39m[31m[1m^[22m[39m[31m[1m^[22m[39m[31m[1m^[22m[39m[31m[1m^[22m[39m[31m[1m^[22m[39m[31m[1m^[22m[39m[31m[1m^[22m[39m[31m[1m^[22m[39m[31m[1m^[22m[39m[31m[1m^[22m[39m[31m[1m^[22m[39m[31m[1m^[22m[39m[31m[1m^[22m[39m[31m[1m^[22m[39m[31m[1m^[22m[39m[31m[1m^[22m[39m[31m[1m^[22m[39m[31m[1m^[22m[39m[31m[1m^[22m[39m[31m[1m^[22m[39m[31m[1m^[22m[39m[31m[1m^[22m[39m[31m[1m^[22m[39m[31m[1m^[22m[39m[31m[1m^[22m[39m[31m[1m^[22m[39m[31m[1m^[22m[39m[31m[1m^[22m[39m[31m[1m^[22m[39m[31m[1m^[22m[39m[31m[1m^[22m[39m[31m[1m^[22m[39m[31m[1m^[22m[39m[31m[1m^[22m[39m[31m[1m^[22m[39m[31m[1m^[22m[39m[31m[1m^[22m[39m[31m[1m^[22m[39m
performance-test	Build application	2026-01-13T02:19:56.6251531Z  [90m 16 |[39m [36mconst[39m [33mINDEX_PATH[39m [33m=[39m path[33m.[39mjoin([33mRECIPE_DATABASE_PATH[39m[33m,[39m [32m'index.json'[39m)[33m;[39m
performance-test	Build application	2026-01-13T02:19:56.6252686Z  [90m 17 |[39m
performance-test	Build application	2026-01-13T02:19:56.6253432Z  [90m 18 |[39m [36minterface[39m [33mRecipeIndexEntry[39m {[0m
performance-test	Build application	2026-01-13T02:19:56.6253888Z 
performance-test	Build application	2026-01-13T02:19:56.6254423Z Overly broad patterns can lead to build performance issues and over bundling.
performance-test	Build application	2026-01-13T02:19:56.6255048Z 
performance-test	Build application	2026-01-13T02:19:56.6255229Z Import traces:
performance-test	Build application	2026-01-13T02:19:56.6255576Z   #1 [App Route]:
performance-test	Build application	2026-01-13T02:19:56.6256275Z     ./lib/ai/recipe-database-helpers.ts
performance-test	Build application	2026-01-13T02:19:56.6257410Z     ./app/api/recipe-scraper/convert-units/route.ts
performance-test	Build application	2026-01-13T02:19:56.6257798Z 
performance-test	Build application	2026-01-13T02:19:56.6257974Z   #2 [App Route]:
performance-test	Build application	2026-01-13T02:19:56.6258441Z     ./lib/ai/recipe-database-helpers.ts
performance-test	Build application	2026-01-13T02:19:56.6259044Z     ./app/api/recipe-scraper/recipes/route.ts
performance-test	Build application	2026-01-13T02:19:56.6259725Z 
performance-test	Build application	2026-01-13T02:19:56.6259738Z 
performance-test	Build application	2026-01-13T02:19:56.6260177Z ./app/api/recipe-scraper/convert-units/route.ts:84:25
performance-test	Build application	2026-01-13T02:19:56.6276813Z The file pattern ('/ROOT/' <dynamic> | '/ROOT' <dynamic>) matches 59600 files in [project]/
performance-test	Build application	2026-01-13T02:19:56.6277744Z [0m [90m 82 |[39m
performance-test	Build application	2026-01-13T02:19:56.6278459Z  [90m 83 |[39m     [90m// Get storage path for direct file updates[39m
performance-test	Build application	2026-01-13T02:19:56.6280193Z [31m[1m>[22m[39m[90m 84 |[39m     [36mconst[39m storagePath [33m=[39m path[33m.[39mjoin(process[33m.[39mcwd()[33m,[39m [33mSTORAGE_PATH[39m)[33m;[39m
performance-test	Build application	2026-01-13T02:19:56.6285287Z  [90m    |[39m                         [31m[1m^[22m[39m[31m[1m^[22m[39m[31m[1m^[22m[39m[31m[1m^[22m[39m[31m[1m^[22m[39m[31m[1m^[22m[39m[31m[1m^[22m[39m[31m[1m^[22m[39m[31m[1m^[22m[39m[31m[1m^[22m[39m[31m[1m^[22m[39m[31m[1m^[22m[39m[31m[1m^[22m[39m[31m[1m^[22m[39m[31m[1m^[22m[39m[31m[1m^[22m[39m[31m[1m^[22m[39m[31m[1m^[22m[39m[31m[1m^[22m[39m[31m[1m^[22m[39m[31m[1m^[22m[39m[31m[1m^[22m[39m[31m[1m^[22m[39m[31m[1m^[22m[39m[31m[1m^[22m[39m[31m[1m^[22m[39m[31m[1m^[22m[39m[31m[1m^[22m[39m[31m[1m^[22m[39m[31m[1m^[22m[39m[31m[1m^[22m[39m[31m[1m^[22m[39m[31m[1m^[22m[39m[31m[1m^[22m[39m[31m[1m^[22m[39m[31m[1m^[22m[39m[31m[1m^[22m[39m[31m[1m^[22m[39m
performance-test	Build application	2026-01-13T02:19:56.6287611Z  [90m 85 |[39m
performance-test	Build application	2026-01-13T02:19:56.6287982Z  [90m 86 |[39m     [90m// Process recipes in batches[39m
performance-test	Build application	2026-01-13T02:19:56.6288854Z  [90m 87 |[39m     [36mconst[39m { convertedRecipes[33m,[39m totalIngredientsConverted[33m,[39m errors } [33m=[39m [36mawait[39m processRecipeBatches([0m
performance-test	Build application	2026-01-13T02:19:56.6289415Z 
performance-test	Build application	2026-01-13T02:19:56.6289715Z Overly broad patterns can lead to build performance issues and over bundling.
performance-test	Build application	2026-01-13T02:19:56.6290029Z 
performance-test	Build application	2026-01-13T02:19:56.6290118Z Import trace:
performance-test	Build application	2026-01-13T02:19:56.6290310Z   App Route:
performance-test	Build application	2026-01-13T02:19:56.6290595Z     ./app/api/recipe-scraper/convert-units/route.ts
performance-test	Build application	2026-01-13T02:19:56.6290974Z     ./app/api/recipe-scraper/convert-units/route.ts
performance-test	Build application	2026-01-13T02:19:56.6291189Z 
performance-test	Build application	2026-01-13T02:19:56.6291196Z 
performance-test	Build application	2026-01-13T02:19:56.6291349Z ./lib/feature-flag-scanner.ts:23:22
performance-test	Build application	2026-01-13T02:19:56.6291859Z The file pattern ('/ROOT/' <dynamic> | '/ROOT' <dynamic>) matches 59600 files in [project]/
performance-test	Build application	2026-01-13T02:19:56.6292356Z [0m [90m 21 |[39m
performance-test	Build application	2026-01-13T02:19:56.6292844Z  [90m 22 |[39m   [36mfor[39m ([36mconst[39m srcDir [36mof[39m [33mSOURCE_DIRECTORIES[39m) {
performance-test	Build application	2026-01-13T02:19:56.6294025Z [31m[1m>[22m[39m[90m 23 |[39m     [36mconst[39m fullPath [33m=[39m join(rootDir[33m,[39m srcDir)[33m;[39m
performance-test	Build application	2026-01-13T02:19:56.6297609Z  [90m    |[39m                      [31m[1m^[22m[39m[31m[1m^[22m[39m[31m[1m^[22m[39m[31m[1m^[22m[39m[31m[1m^[22m[39m[31m[1m^[22m[39m[31m[1m^[22m[39m[31m[1m^[22m[39m[31m[1m^[22m[39m[31m[1m^[22m[39m[31m[1m^[22m[39m[31m[1m^[22m[39m[31m[1m^[22m[39m[31m[1m^[22m[39m[31m[1m^[22m[39m[31m[1m^[22m[39m[31m[1m^[22m[39m[31m[1m^[22m[39m[31m[1m^[22m[39m[31m[1m^[22m[39m[31m[1m^[22m[39m
performance-test	Build application	2026-01-13T02:19:56.6298908Z  [90m 24 |[39m     [36mtry[39m {
performance-test	Build application	2026-01-13T02:19:56.6299380Z  [90m 25 |[39m       [36mif[39m (statSync(fullPath)[33m.[39misDirectory()) {
performance-test	Build application	2026-01-13T02:19:56.6300009Z  [90m 26 |[39m         scanDirectory(fullPath[33m,[39m srcDir[33m,[39m flags)[33m;[39m[0m
performance-test	Build application	2026-01-13T02:19:56.6300347Z 
performance-test	Build application	2026-01-13T02:19:56.6300641Z Overly broad patterns can lead to build performance issues and over bundling.
performance-test	Build application	2026-01-13T02:19:56.6300949Z 
performance-test	Build application	2026-01-13T02:19:56.6301030Z Import traces:
performance-test	Build application	2026-01-13T02:19:56.6301478Z   #1 [App Route]:
performance-test	Build application	2026-01-13T02:19:56.6301902Z     ./lib/feature-flag-scanner.ts
performance-test	Build application	2026-01-13T02:19:56.6302520Z     ./app/api/recipe-scraper/convert-units/route.ts
performance-test	Build application	2026-01-13T02:19:56.6302937Z 
performance-test	Build application	2026-01-13T02:19:56.6303092Z   #2 [App Route]:
performance-test	Build application	2026-01-13T02:19:56.6303790Z     ./lib/feature-flag-scanner.ts
performance-test	Build application	2026-01-13T02:19:56.6304358Z     ./app/api/admin/features/discover/route.ts
performance-test	Build application	2026-01-13T02:19:56.6304725Z 
performance-test	Build application	2026-01-13T02:19:56.6304746Z 
performance-test	Build application	2026-01-13T02:19:56.6305088Z ./lib/ai/recipe-database-helpers.ts:69:9
performance-test	Build application	2026-01-13T02:19:56.6306593Z The file pattern ('/ROOT/data/recipe-database/' <dynamic> | '/ROOT/data/recipe-database' <dynamic>) matches 99320 files in [project]/
performance-test	Build application	2026-01-13T02:19:56.6308267Z [0m [90m 67 |[39m     [36mconst[39m fullPath [33m=[39m path[33m.[39misAbsolute(filePath)
performance-test	Build application	2026-01-13T02:19:56.6309184Z  [90m 68 |[39m       [33m?[39m filePath
performance-test	Build application	2026-01-13T02:19:56.6310544Z [31m[1m>[22m[39m[90m 69 |[39m       [33m:[39m path[33m.[39mjoin([33mRECIPE_DATABASE_PATH[39m[33m,[39m filePath)[33m;[39m
performance-test	Build application	2026-01-13T02:19:56.6316494Z  [90m    |[39m         [31m[1m^[22m[39m[31m[1m^[22m[39m[31m[1m^[22m[39m[31m[1m^[22m[39m[31m[1m^[22m[39m[31m[1m^[22m[39m[31m[1m^[22m[39m[31m[1m^[22m[39m[31m[1m^[22m[39m[31m[1m^[22m[39m[31m[1m^[22m[39m[31m[1m^[22m[39m[31m[1m^[22m[39m[31m[1m^[22m[39m[31m[1m^[22m[39m[31m[1m^[22m[39m[31m[1m^[22m[39m[31m[1m^[22m[39m[31m[1m^[22m[39m[31m[1m^[22m[39m[31m[1m^[22m[39m[31m[1m^[22m[39m[31m[1m^[22m[39m[31m[1m^[22m[39m[31m[1m^[22m[39m[31m[1m^[22m[39m[31m[1m^[22m[39m[31m[1m^[22m[39m[31m[1m^[22m[39m[31m[1m^[22m[39m[31m[1m^[22m[39m[31m[1m^[22m[39m[31m[1m^[22m[39m[31m[1m^[22m[39m[31m[1m^[22m[39m[31m[1m^[22m[39m[31m[1m^[22m[39m[31m[1m^[22m[39m[31m[1m^[22m[39m[31m[1m^[22m[39m[31m[1m^[22m[39m
performance-test	Build application	2026-01-13T02:19:56.6320157Z  [90m 70 |[39m
performance-test	Build application	2026-01-13T02:19:56.6320901Z  [90m 71 |[39m     [36mif[39m ([33m![39mfs[33m.[39mexistsSync(fullPath)) {
performance-test	Build application	2026-01-13T02:19:56.6322151Z  [90m 72 |[39m       logger[33m.[39mdebug([32m`Recipe file not found: ${fullPath}`[39m)[33m;[39m[0m
performance-test	Build application	2026-01-13T02:19:56.6322795Z 
performance-test	Build application	2026-01-13T02:19:56.6323338Z Overly broad patterns can lead to build performance issues and over bundling.
performance-test	Build application	2026-01-13T02:19:56.6323883Z 
performance-test	Build application	2026-01-13T02:19:56.6324032Z Import traces:
performance-test	Build application	2026-01-13T02:19:56.6324363Z   #1 [App Route]:
performance-test	Build application	2026-01-13T02:19:56.6324786Z     ./lib/ai/recipe-database-helpers.ts
performance-test	Build application	2026-01-13T02:19:56.6325391Z     ./app/api/recipe-scraper/convert-units/route.ts
performance-test	Build application	2026-01-13T02:19:56.6325768Z 
performance-test	Build application	2026-01-13T02:19:56.6325912Z   #2 [App Route]:
performance-test	Build application	2026-01-13T02:19:56.6326561Z     ./lib/ai/recipe-database-helpers.ts
performance-test	Build application	2026-01-13T02:19:56.6327223Z     ./app/api/recipe-scraper/recipes/route.ts
performance-test	Build application	2026-01-13T02:19:56.6327612Z 
performance-test	Build application	2026-01-13T02:19:56.6327624Z 
performance-test	Build application	2026-01-13T02:19:56.6627643Z  âœ“ Compiled successfully in 54s
performance-test	Build application	2026-01-13T02:19:56.6821637Z    Running TypeScript ...
performance-test	Build application	2026-01-13T02:20:46.5627123Z    Collecting page data using 3 workers ...
performance-test	Build application	2026-01-13T02:20:47.2578228Z [ERROR] {"level":"error","message":"[Auth0 SDK] Missing AUTH0_DOMAIN or AUTH0_ISSUER_BASE_URL","timestamp":"2026-01-13T02:20:47.251Z"}
performance-test	Build application	2026-01-13T02:20:47.2609094Z [ERROR] {"level":"error","message":"[Auth0 SDK] Missing required environment variables:","timestamp":"2026-01-13T02:20:47.254Z","data":{"missing":["AUTH0_CLIENT_ID","AUTH0_CLIENT_SECRET"]}}
performance-test	Build application	2026-01-13T02:20:47.2632301Z [ERROR] {"level":"error","message":"[Auth0 SDK] Configuration validation failed:","timestamp":"2026-01-13T02:20:47.254Z","data":{"isValid":false,"missing":["AUTH0_CLIENT_ID","AUTH0_CLIENT_SECRET"],"domain":"NOT_SET"}}
performance-test	Build application	2026-01-13T02:20:47.2635230Z WARNING: Not all required options were provided when creating an instance of Auth0Client. Ensure to provide all missing options, either by passing it to the Auth0Client constructor, or by setting the corresponding environment variable.
performance-test	Build application	2026-01-13T02:20:47.2641311Z Missing: domain: Set AUTH0_DOMAIN env var or pass domain in options
performance-test	Build application	2026-01-13T02:20:47.2642787Z Missing: clientId: Set AUTH0_CLIENT_ID env var or pass clientId in options
performance-test	Build application	2026-01-13T02:20:47.2644662Z Missing: clientAuthentication: Set either AUTH0_CLIENT_SECRET env var or AUTH0_CLIENT_ASSERTION_SIGNING_KEY env var, or pass clientSecret or clientAssertionSigningKey in options
performance-test	Build application	2026-01-13T02:20:47.2651133Z [ERROR] {"level":"error","message":"[Auth0 SDK] Missing AUTH0_DOMAIN or AUTH0_ISSUER_BASE_URL","timestamp":"2026-01-13T02:20:47.261Z"}
performance-test	Build application	2026-01-13T02:20:47.2653327Z [ERROR] {"level":"error","message":"[Auth0 SDK] Missing required environment variables:","timestamp":"2026-01-13T02:20:47.263Z","data":{"missing":["AUTH0_CLIENT_ID","AUTH0_CLIENT_SECRET"]}}
performance-test	Build application	2026-01-13T02:20:47.2656273Z [ERROR] {"level":"error","message":"[Auth0 SDK] Configuration validation failed:","timestamp":"2026-01-13T02:20:47.264Z","data":{"isValid":false,"missing":["AUTH0_CLIENT_ID","AUTH0_CLIENT_SECRET"],"domain":"NOT_SET"}}
performance-test	Build application	2026-01-13T02:20:47.2748859Z WARNING: Not all required options were provided when creating an instance of Auth0Client. Ensure to provide all missing options, either by passing it to the Auth0Client constructor, or by setting the corresponding environment variable.
performance-test	Build application	2026-01-13T02:20:47.2751373Z Missing: domain: Set AUTH0_DOMAIN env var or pass domain in options
performance-test	Build application	2026-01-13T02:20:47.2752823Z Missing: clientId: Set AUTH0_CLIENT_ID env var or pass clientId in options
performance-test	Build application	2026-01-13T02:20:47.2754837Z Missing: clientAuthentication: Set either AUTH0_CLIENT_SECRET env var or AUTH0_CLIENT_ASSERTION_SIGNING_KEY env var, or pass clientSecret or clientAssertionSigningKey in options
performance-test	Build application	2026-01-13T02:20:47.3807202Z [ERROR] {"level":"error","message":"[Auth0 SDK] Missing AUTH0_DOMAIN or AUTH0_ISSUER_BASE_URL","timestamp":"2026-01-13T02:20:47.378Z"}
performance-test	Build application	2026-01-13T02:20:47.3812207Z [ERROR] {"level":"error","message":"[Auth0 SDK] Missing required environment variables:","timestamp":"2026-01-13T02:20:47.380Z","data":{"missing":["AUTH0_CLIENT_ID","AUTH0_CLIENT_SECRET"]}}
performance-test	Build application	2026-01-13T02:20:47.3817375Z [ERROR] {"level":"error","message":"[Auth0 SDK] Configuration validation failed:","timestamp":"2026-01-13T02:20:47.380Z","data":{"isValid":false,"missing":["AUTH0_CLIENT_ID","AUTH0_CLIENT_SECRET"],"domain":"NOT_SET"}}
performance-test	Build application	2026-01-13T02:20:47.3834374Z WARNING: Not all required options were provided when creating an instance of Auth0Client. Ensure to provide all missing options, either by passing it to the Auth0Client constructor, or by setting the corresponding environment variable.
performance-test	Build application	2026-01-13T02:20:47.3836953Z Missing: domain: Set AUTH0_DOMAIN env var or pass domain in options
performance-test	Build application	2026-01-13T02:20:47.3837974Z Missing: clientId: Set AUTH0_CLIENT_ID env var or pass clientId in options
performance-test	Build application	2026-01-13T02:20:47.3839835Z Missing: clientAuthentication: Set either AUTH0_CLIENT_SECRET env var or AUTH0_CLIENT_ASSERTION_SIGNING_KEY env var, or pass clientSecret or clientAssertionSigningKey in options
performance-test	Build application	2026-01-13T02:20:49.4957018Z    Generating static pages using 3 workers (0/258) ...
performance-test	Build application	2026-01-13T02:20:49.9334054Z [ERROR] {"level":"error","message":"[Auth0 SDK] Missing AUTH0_DOMAIN or AUTH0_ISSUER_BASE_URL","timestamp":"2026-01-13T02:20:49.931Z"}
performance-test	Build application	2026-01-13T02:20:49.9343092Z [ERROR] {"level":"error","message":"[Auth0 SDK] Missing required environment variables:","timestamp":"2026-01-13T02:20:49.933Z","data":{"missing":["AUTH0_CLIENT_ID","AUTH0_CLIENT_SECRET"]}}
performance-test	Build application	2026-01-13T02:20:49.9345894Z [ERROR] {"level":"error","message":"[Auth0 SDK] Configuration validation failed:","timestamp":"2026-01-13T02:20:49.933Z","data":{"isValid":false,"missing":["AUTH0_CLIENT_ID","AUTH0_CLIENT_SECRET"],"domain":"NOT_SET"}}
performance-test	Build application	2026-01-13T02:20:49.9353894Z WARNING: Not all required options were provided when creating an instance of Auth0Client. Ensure to provide all missing options, either by passing it to the Auth0Client constructor, or by setting the corresponding environment variable.
performance-test	Build application	2026-01-13T02:20:49.9367712Z Missing: domain: Set AUTH0_DOMAIN env var or pass domain in options
performance-test	Build application	2026-01-13T02:20:49.9368758Z Missing: clientId: Set AUTH0_CLIENT_ID env var or pass clientId in options
performance-test	Build application	2026-01-13T02:20:49.9371088Z Missing: clientAuthentication: Set either AUTH0_CLIENT_SECRET env var or AUTH0_CLIENT_ASSERTION_SIGNING_KEY env var, or pass clientSecret or clientAssertionSigningKey in options
performance-test	Build application	2026-01-13T02:20:49.9807899Z [ERROR] {"level":"error","message":"[Auth0 SDK] Missing AUTH0_DOMAIN or AUTH0_ISSUER_BASE_URL","timestamp":"2026-01-13T02:20:49.977Z"}
performance-test	Build application	2026-01-13T02:20:49.9810849Z [ERROR] {"level":"error","message":"[Auth0 SDK] Missing required environment variables:","timestamp":"2026-01-13T02:20:49.979Z","data":{"missing":["AUTH0_CLIENT_ID","AUTH0_CLIENT_SECRET"]}}
performance-test	Build application	2026-01-13T02:20:49.9813772Z [ERROR] {"level":"error","message":"[Auth0 SDK] Configuration validation failed:","timestamp":"2026-01-13T02:20:49.979Z","data":{"isValid":false,"missing":["AUTH0_CLIENT_ID","AUTH0_CLIENT_SECRET"],"domain":"NOT_SET"}}
performance-test	Build application	2026-01-13T02:20:49.9817241Z WARNING: Not all required options were provided when creating an instance of Auth0Client. Ensure to provide all missing options, either by passing it to the Auth0Client constructor, or by setting the corresponding environment variable.
performance-test	Build application	2026-01-13T02:20:49.9819364Z Missing: domain: Set AUTH0_DOMAIN env var or pass domain in options
performance-test	Build application	2026-01-13T02:20:49.9820389Z Missing: clientId: Set AUTH0_CLIENT_ID env var or pass clientId in options
performance-test	Build application	2026-01-13T02:20:49.9822194Z Missing: clientAuthentication: Set either AUTH0_CLIENT_SECRET env var or AUTH0_CLIENT_ASSERTION_SIGNING_KEY env var, or pass clientSecret or clientAssertionSigningKey in options
performance-test	Build application	2026-01-13T02:20:50.2579400Z    Generating static pages using 3 workers (64/258) 
performance-test	Build application	2026-01-13T02:20:50.3713105Z [ERROR] {"level":"error","message":"[Auth0 SDK] Missing AUTH0_DOMAIN or AUTH0_ISSUER_BASE_URL","timestamp":"2026-01-13T02:20:50.368Z"}
performance-test	Build application	2026-01-13T02:20:50.3718740Z [ERROR] {"level":"error","message":"[Auth0 SDK] Missing required environment variables:","timestamp":"2026-01-13T02:20:50.371Z","data":{"missing":["AUTH0_CLIENT_ID","AUTH0_CLIENT_SECRET"]}}
performance-test	Build application	2026-01-13T02:20:50.3730336Z [ERROR] {"level":"error","message":"[Auth0 SDK] Configuration validation failed:","timestamp":"2026-01-13T02:20:50.371Z","data":{"isValid":false,"missing":["AUTH0_CLIENT_ID","AUTH0_CLIENT_SECRET"],"domain":"NOT_SET"}}
performance-test	Build application	2026-01-13T02:20:50.3733397Z WARNING: Not all required options were provided when creating an instance of Auth0Client. Ensure to provide all missing options, either by passing it to the Auth0Client constructor, or by setting the corresponding environment variable.
performance-test	Build application	2026-01-13T02:20:50.3735405Z Missing: domain: Set AUTH0_DOMAIN env var or pass domain in options
performance-test	Build application	2026-01-13T02:20:50.3736609Z Missing: clientId: Set AUTH0_CLIENT_ID env var or pass clientId in options
performance-test	Build application	2026-01-13T02:20:50.3738446Z Missing: clientAuthentication: Set either AUTH0_CLIENT_SECRET env var or AUTH0_CLIENT_ASSERTION_SIGNING_KEY env var, or pass clientSecret or clientAssertionSigningKey in options
performance-test	Build application	2026-01-13T02:20:50.6477704Z    Generating static pages using 3 workers (128/258) 
performance-test	Build application	2026-01-13T02:20:51.4089401Z    Generating static pages using 3 workers (193/258) 
performance-test	Build application	2026-01-13T02:20:52.1366273Z  âœ“ Generating static pages using 3 workers (258/258) in 2.6s
performance-test	Build application	2026-01-13T02:20:52.1679884Z    Finalizing page optimization ...
performance-test	Build application	2026-01-13T02:20:52.1776564Z 
performance-test	Build application	2026-01-13T02:20:52.1839846Z Route (app)                                       Revalidate  Expire
performance-test	Build application	2026-01-13T02:20:52.1840962Z â”Œ â—‹ /
performance-test	Build application	2026-01-13T02:20:52.1841516Z â”œ â—‹ /_not-found
performance-test	Build application	2026-01-13T02:20:52.1842017Z â”œ â—‹ /admin
performance-test	Build application	2026-01-13T02:20:52.1842542Z â”œ â—‹ /admin/analytics
performance-test	Build application	2026-01-13T02:20:52.1843069Z â”œ â—‹ /admin/billing
performance-test	Build application	2026-01-13T02:20:52.1843560Z â”œ â—‹ /admin/data
performance-test	Build application	2026-01-13T02:20:52.1844048Z â”œ â—‹ /admin/errors
performance-test	Build application	2026-01-13T02:20:52.1844558Z â”œ â—‹ /admin/features
performance-test	Build application	2026-01-13T02:20:52.1845070Z â”œ â—‹ /admin/support
performance-test	Build application	2026-01-13T02:20:52.1845624Z â”œ â—‹ /admin/support-tickets
performance-test	Build application	2026-01-13T02:20:52.1846458Z â”œ â—‹ /admin/system
performance-test	Build application	2026-01-13T02:20:52.1847171Z â”œ â—‹ /admin/tiers
performance-test	Build application	2026-01-13T02:20:52.1847572Z â”œ â—‹ /admin/users
performance-test	Build application	2026-01-13T02:20:52.1849440Z â”œ Æ’ /admin/users/[id]
performance-test	Build application	2026-01-13T02:20:52.1849958Z â”œ Æ’ /admin/users/[id]/data
performance-test	Build application	2026-01-13T02:20:52.1850769Z â”œ Æ’ /api/account/delete
performance-test	Build application	2026-01-13T02:20:52.1851202Z â”œ Æ’ /api/account/export
performance-test	Build application	2026-01-13T02:20:52.1851632Z â”œ Æ’ /api/admin/analytics
performance-test	Build application	2026-01-13T02:20:52.1852098Z â”œ Æ’ /api/admin/billing/health
performance-test	Build application	2026-01-13T02:20:52.1852609Z â”œ Æ’ /api/admin/billing/overview
performance-test	Build application	2026-01-13T02:20:52.1853181Z â”œ Æ’ /api/admin/billing/sync-subscriptions
performance-test	Build application	2026-01-13T02:20:52.1853903Z â”œ Æ’ /api/admin/check
performance-test	Build application	2026-01-13T02:20:52.1854371Z â”œ Æ’ /api/admin/dashboard/stats
performance-test	Build application	2026-01-13T02:20:52.1854839Z â”œ Æ’ /api/admin/data/export
performance-test	Build application	2026-01-13T02:20:52.1855277Z â”œ Æ’ /api/admin/data/search
performance-test	Build application	2026-01-13T02:20:52.1855686Z â”œ Æ’ /api/admin/errors
performance-test	Build application	2026-01-13T02:20:52.1856404Z â”œ Æ’ /api/admin/errors/[id]
performance-test	Build application	2026-01-13T02:20:52.1856858Z â”œ Æ’ /api/admin/errors/client
performance-test	Build application	2026-01-13T02:20:52.1857303Z â”œ Æ’ /api/admin/features
performance-test	Build application	2026-01-13T02:20:52.1857739Z â”œ Æ’ /api/admin/features/[flag]
performance-test	Build application	2026-01-13T02:20:52.1858274Z â”œ Æ’ /api/admin/features/auto-create
performance-test	Build application	2026-01-13T02:20:52.1858821Z â”œ Æ’ /api/admin/features/discover
performance-test	Build application	2026-01-13T02:20:52.1859342Z â”œ Æ’ /api/admin/features/enable-all
performance-test	Build application	2026-01-13T02:20:52.1859885Z â”œ Æ’ /api/admin/features/hidden
performance-test	Build application	2026-01-13T02:20:52.1860343Z â”œ Æ’ /api/admin/features/seed
performance-test	Build application	2026-01-13T02:20:52.1860873Z â”œ Æ’ /api/admin/security/breach-report
performance-test	Build application	2026-01-13T02:20:52.1861421Z â”œ Æ’ /api/admin/support-tickets
performance-test	Build application	2026-01-13T02:20:52.1861952Z â”œ Æ’ /api/admin/support-tickets/[id]
performance-test	Build application	2026-01-13T02:20:52.1862588Z â”œ Æ’ /api/admin/support-tickets/[id]/link-error
performance-test	Build application	2026-01-13T02:20:52.1863189Z â”œ Æ’ /api/admin/support/impersonate
performance-test	Build application	2026-01-13T02:20:52.1863756Z â”œ Æ’ /api/admin/support/reset-password
performance-test	Build application	2026-01-13T02:20:52.1864281Z â”œ Æ’ /api/admin/system/health
performance-test	Build application	2026-01-13T02:20:52.1864788Z â”œ Æ’ /api/admin/tiers
performance-test	Build application	2026-01-13T02:20:52.1865194Z â”œ Æ’ /api/admin/tiers/cache
performance-test	Build application	2026-01-13T02:20:52.1865627Z â”œ Æ’ /api/admin/tiers/features
performance-test	Build application	2026-01-13T02:20:52.1866202Z â”œ Æ’ /api/admin/users
performance-test	Build application	2026-01-13T02:20:52.1866607Z â”œ Æ’ /api/admin/users/[id]
performance-test	Build application	2026-01-13T02:20:52.1867094Z â”œ Æ’ /api/admin/users/[id]/data
performance-test	Build application	2026-01-13T02:20:52.1867564Z â”œ Æ’ /api/ai-specials
performance-test	Build application	2026-01-13T02:20:52.1867929Z â”œ Æ’ /api/ai/chat
performance-test	Build application	2026-01-13T02:20:52.1868410Z â”œ Æ’ /api/ai/menu-item-description
performance-test	Build application	2026-01-13T02:20:52.1868953Z â”œ Æ’ /api/ai/performance-insights
performance-test	Build application	2026-01-13T02:20:52.1869431Z â”œ Æ’ /api/ai/performance-tips
performance-test	Build application	2026-01-13T02:20:52.1869864Z â”œ Æ’ /api/ai/prep-details
performance-test	Build application	2026-01-13T02:20:52.1870335Z â”œ Æ’ /api/ai/recipe-instructions
performance-test	Build application	2026-01-13T02:20:52.1870832Z â”œ Æ’ /api/allergens/[code]/dishes
performance-test	Build application	2026-01-13T02:20:52.1871369Z â”œ Æ’ /api/allergens/[code]/ingredients
performance-test	Build application	2026-01-13T02:20:52.1871902Z â”œ Æ’ /api/allergens/[code]/recipes
performance-test	Build application	2026-01-13T02:20:52.1872424Z â”œ Æ’ /api/allergens/re-aggregate-all
performance-test	Build application	2026-01-13T02:20:52.1872904Z â”œ Æ’ /api/assign-dish-section
performance-test	Build application	2026-01-13T02:20:52.1873333Z â”œ Æ’ /api/auth/[auth0]
performance-test	Build application	2026-01-13T02:20:52.1873711Z â”œ â—‹ /api/auth/error
performance-test	Build application	2026-01-13T02:20:52.1874078Z â”œ Æ’ /api/background
performance-test	Build application	2026-01-13T02:20:52.1874454Z â”œ Æ’ /api/backup/create
performance-test	Build application	2026-01-13T02:20:52.1874839Z â”œ Æ’ /api/backup/cron
performance-test	Build application	2026-01-13T02:20:52.1875314Z â”œ Æ’ /api/backup/drive/download/[fileId]
performance-test	Build application	2026-01-13T02:20:52.1875799Z â”œ Æ’ /api/backup/drive/list
performance-test	Build application	2026-01-13T02:20:52.1876390Z â”œ Æ’ /api/backup/google-auth
performance-test	Build application	2026-01-13T02:20:52.1876900Z â”œ Æ’ /api/backup/google-callback
performance-test	Build application	2026-01-13T02:20:52.1877324Z â”œ Æ’ /api/backup/list
performance-test	Build application	2026-01-13T02:20:52.1877704Z â”œ Æ’ /api/backup/restore
performance-test	Build application	2026-01-13T02:20:52.1878108Z â”œ Æ’ /api/backup/schedule
performance-test	Build application	2026-01-13T02:20:52.1878516Z â”œ Æ’ /api/backup/settings
performance-test	Build application	2026-01-13T02:20:52.1878969Z â”œ Æ’ /api/backup/upload-to-drive
performance-test	Build application	2026-01-13T02:20:52.1879492Z â”œ Æ’ /api/billing/cancel-subscription
performance-test	Build application	2026-01-13T02:20:52.1880063Z â”œ Æ’ /api/billing/create-checkout-session
performance-test	Build application	2026-01-13T02:20:52.1880642Z â”œ Æ’ /api/billing/create-portal-session
performance-test	Build application	2026-01-13T02:20:52.1881197Z â”œ Æ’ /api/billing/extend-subscription
performance-test	Build application	2026-01-13T02:20:52.1881750Z â”œ Æ’ /api/billing/reactivate-subscription
performance-test	Build application	2026-01-13T02:20:52.1882235Z â”œ Æ’ /api/cleaning-areas
performance-test	Build application	2026-01-13T02:20:52.1882712Z â”œ Æ’ /api/cleaning-areas/[id]/qr-code
performance-test	Build application	2026-01-13T02:20:52.1883171Z â”œ Æ’ /api/cleaning-tasks
performance-test	Build application	2026-01-13T02:20:52.1883652Z â”œ Æ’ /api/cleaning-tasks/[id]/complete
performance-test	Build application	2026-01-13T02:20:52.1884203Z â”œ Æ’ /api/cleaning-tasks/[id]/uncomplete
performance-test	Build application	2026-01-13T02:20:52.1884778Z â”œ Æ’ /api/cleaning-tasks/populate-standard
performance-test	Build application	2026-01-13T02:20:52.1885595Z â”œ Æ’ /api/cleaning-tasks/standard-templates
performance-test	Build application	2026-01-13T02:20:52.1886298Z â”œ Æ’ /api/cleanup-test-data
performance-test	Build application	2026-01-13T02:20:52.1886757Z â”œ Æ’ /api/compliance-records
performance-test	Build application	2026-01-13T02:20:52.1887299Z â”œ Æ’ /api/compliance-records/[id]/qr-code
performance-test	Build application	2026-01-13T02:20:52.1887981Z â”œ Æ’ /api/compliance-types
performance-test	Build application	2026-01-13T02:20:52.1888421Z â”œ Æ’ /api/compliance/allergens
performance-test	Build application	2026-01-13T02:20:52.1888934Z â”œ Æ’ /api/compliance/allergens/export
performance-test	Build application	2026-01-13T02:20:52.1889518Z â”œ Æ’ /api/compliance/health-inspector-report
performance-test	Build application	2026-01-13T02:20:52.1890040Z â”œ Æ’ /api/compliance/validate
performance-test	Build application	2026-01-13T02:20:52.1890493Z â”œ Æ’ /api/cron/data-retention
performance-test	Build application	2026-01-13T02:20:52.1890991Z â”œ Æ’ /api/curbos/auth/exchange-token
performance-test	Build application	2026-01-13T02:20:52.1891481Z â”œ Æ’ /api/curbos/check-access
performance-test	Build application	2026-01-13T02:20:52.1891952Z â”œ Æ’ /api/curbos/public-token
performance-test	Build application	2026-01-13T02:20:52.1892450Z â”œ Æ’ /api/curbos/public-token/curbos
performance-test	Build application	2026-01-13T02:20:52.1892965Z â”œ Æ’ /api/curbos/public/validate
performance-test	Build application	2026-01-13T02:20:52.1893479Z â”œ Æ’ /api/curbos/setup-public-tokens
performance-test	Build application	2026-01-13T02:20:52.1894017Z â”œ Æ’ /api/customers/upload-photo
performance-test	Build application	2026-01-13T02:20:52.1894523Z â”œ Æ’ /api/dashboard/menu-summary
performance-test	Build application	2026-01-13T02:20:52.1895062Z â”œ Æ’ /api/dashboard/performance-summary
performance-test	Build application	2026-01-13T02:20:52.1895632Z â”œ Æ’ /api/dashboard/recipe-readiness
performance-test	Build application	2026-01-13T02:20:52.1896248Z â”œ Æ’ /api/dashboard/stats
performance-test	Build application	2026-01-13T02:20:52.1896679Z â”œ Æ’ /api/db/audit-costs
performance-test	Build application	2026-01-13T02:20:52.1897133Z â”œ Æ’ /api/db/audit-prices
performance-test	Build application	2026-01-13T02:20:52.1897559Z â”œ Æ’ /api/db/diagnose-dishes
performance-test	Build application	2026-01-13T02:20:52.1897977Z â”œ Æ’ /api/db/integrity
performance-test	Build application	2026-01-13T02:20:52.1898440Z â”œ Æ’ /api/db/populate-empty-dishes
performance-test	Build application	2026-01-13T02:20:52.1898875Z â”œ Æ’ /api/db/reset
performance-test	Build application	2026-01-13T02:20:52.1899238Z â”œ Æ’ /api/db/reset-self
performance-test	Build application	2026-01-13T02:20:52.1899612Z â”œ Æ’ /api/debug/auth
performance-test	Build application	2026-01-13T02:20:52.1899978Z â”œ Æ’ /api/debug/auth-test
performance-test	Build application	2026-01-13T02:20:52.1900463Z â”œ Æ’ /api/debug/nextauth-validation
performance-test	Build application	2026-01-13T02:20:52.1900925Z â”œ Æ’ /api/debug/token
performance-test	Build application	2026-01-13T02:20:52.1901321Z â”œ Æ’ /api/debug/user-data
performance-test	Build application	2026-01-13T02:20:52.1901735Z â”œ Æ’ /api/dedupe/execute
performance-test	Build application	2026-01-13T02:20:52.1902155Z â”œ Æ’ /api/dedupe/preview
performance-test	Build application	2026-01-13T02:20:52.1902558Z â”œ Æ’ /api/detect-country
performance-test	Build application	2026-01-13T02:20:52.1902925Z â”œ Æ’ /api/dishes
performance-test	Build application	2026-01-13T02:20:52.1903287Z â”œ Æ’ /api/dishes/[id]
performance-test	Build application	2026-01-13T02:20:52.1903762Z â”œ Æ’ /api/dishes/[id]/allergen-sources
performance-test	Build application	2026-01-13T02:20:52.1904254Z â”œ Æ’ /api/dishes/[id]/cost
performance-test	Build application	2026-01-13T02:20:52.1904761Z â”œ Æ’ /api/dishes/[id]/generate-image
performance-test	Build application	2026-01-13T02:20:52.1905335Z â”œ Æ’ /api/dishes/[id]/revalidate-dietary
performance-test	Build application	2026-01-13T02:20:52.1905827Z â”œ Æ’ /api/dishes/bulk-delete
performance-test	Build application	2026-01-13T02:20:52.1906395Z â”œ Æ’ /api/dishes/cost/batch
performance-test	Build application	2026-01-13T02:20:52.1906811Z â”œ Æ’ /api/employees
performance-test	Build application	2026-01-13T02:20:52.1907195Z â”œ Æ’ /api/employees/[id]
performance-test	Build application	2026-01-13T02:20:52.1907647Z â”œ Æ’ /api/employees/[id]/qr-code
performance-test	Build application	2026-01-13T02:20:52.1908174Z â”œ Æ’ /api/employees/[id]/qualifications
performance-test	Build application	2026-01-13T02:20:52.1908798Z â”œ Æ’ /api/employees/[id]/qualifications/[qual_id]
performance-test	Build application	2026-01-13T02:20:52.1909355Z â”œ Æ’ /api/employees/populate
performance-test	Build application	2026-01-13T02:20:52.1909856Z â”œ Æ’ /api/employees/upload-photo
performance-test	Build application	2026-01-13T02:20:52.1910302Z â”œ Æ’ /api/entitlements
performance-test	Build application	2026-01-13T02:20:52.1910783Z â”œ Æ’ /api/equipment-maintenance
performance-test	Build application	2026-01-13T02:20:52.1911310Z â”œ Æ’ /api/equipment/[id]/qr-code
performance-test	Build application	2026-01-13T02:20:52.1911777Z â”œ Æ’ /api/features/[flagKey]
performance-test	Build application	2026-01-13T02:20:52.1912276Z â”œ Æ’ /api/fix/auth0-callback-urls
performance-test	Build application	2026-01-13T02:20:52.1912818Z â”œ Æ’ /api/fix/enable-google-connection
performance-test	Build application	2026-01-13T02:20:52.1913340Z â”œ Æ’ /api/generate-sales-data
performance-test	Build application	2026-01-13T02:20:52.1913893Z â”œ Æ’ /api/generate-test-temperature-logs
performance-test	Build application	2026-01-13T02:20:52.1914405Z â”œ Æ’ /api/image-proxy
performance-test	Build application	2026-01-13T02:20:52.1914793Z â”œ Æ’ /api/ingredients
performance-test	Build application	2026-01-13T02:20:52.1915256Z â”œ Æ’ /api/ingredients/[id]/qr-code
performance-test	Build application	2026-01-13T02:20:52.1915798Z â”œ Æ’ /api/ingredients/add-consumables
performance-test	Build application	2026-01-13T02:20:52.1916534Z â”œ Æ’ /api/ingredients/ai-detect-allergens
performance-test	Build application	2026-01-13T02:20:52.1917111Z â”œ Æ’ /api/ingredients/auto-categorize
performance-test	Build application	2026-01-13T02:20:52.1917725Z â”œ Æ’ /api/ingredients/batch-ai-detect-allergens
performance-test	Build application	2026-01-13T02:20:52.1918308Z â”œ Æ’ /api/ingredients/bulk-update
performance-test	Build application	2026-01-13T02:20:52.1918883Z â”œ Æ’ /api/ingredients/detect-missing-allergens
performance-test	Build application	2026-01-13T02:20:52.1919605Z â”œ Æ’ /api/ingredients/exists
performance-test	Build application	2026-01-13T02:20:52.1920107Z â”œ Æ’ /api/ingredients/migrate-units
performance-test	Build application	2026-01-13T02:20:52.1920706Z â”œ Æ’ /api/ingredients/populate-all-allergens
performance-test	Build application	2026-01-13T02:20:52.1921247Z â”œ Æ’ /api/kds/update-status
performance-test	Build application	2026-01-13T02:20:52.1921695Z â”œ Æ’ /api/kitchen-sections
performance-test	Build application	2026-01-13T02:20:52.1922326Z â”œ Æ’ /api/latest-release
performance-test	Build application	2026-01-13T02:20:52.1922688Z â”œ Æ’ /api/leads
performance-test	Build application	2026-01-13T02:20:52.1922990Z â”œ Æ’ /api/me
performance-test	Build application	2026-01-13T02:20:52.1923313Z â”œ Æ’ /api/menu-dishes
performance-test	Build application	2026-01-13T02:20:52.1923642Z â”œ Æ’ /api/menus
performance-test	Build application	2026-01-13T02:20:52.1923976Z â”œ Æ’ /api/menus/[id]
performance-test	Build application	2026-01-13T02:20:52.1924436Z â”œ Æ’ /api/menus/[id]/allergen-matrix/export
performance-test	Build application	2026-01-13T02:20:52.1924914Z â”œ Æ’ /api/menus/[id]/changes
performance-test	Build application	2026-01-13T02:20:52.1925379Z â”œ Æ’ /api/menus/[id]/export-combined
performance-test	Build application	2026-01-13T02:20:52.1925872Z â”œ Æ’ /api/menus/[id]/ingredients
performance-test	Build application	2026-01-13T02:20:52.1926455Z â”œ Æ’ /api/menus/[id]/items
performance-test	Build application	2026-01-13T02:20:52.1926914Z â”œ Æ’ /api/menus/[id]/items/[itemId]
performance-test	Build application	2026-01-13T02:20:52.1927467Z â”œ Æ’ /api/menus/[id]/items/[itemId]/statistics
performance-test	Build application	2026-01-13T02:20:52.1928014Z â”œ Æ’ /api/menus/[id]/items/bulk
performance-test	Build application	2026-01-13T02:20:52.1928439Z â”œ Æ’ /api/menus/[id]/lock
performance-test	Build application	2026-01-13T02:20:52.1928920Z â”œ Æ’ /api/menus/[id]/menu-display/export
performance-test	Build application	2026-01-13T02:20:52.1929439Z â”œ Æ’ /api/menus/[id]/recipe-cards
performance-test	Build application	2026-01-13T02:20:52.1929964Z â”œ Æ’ /api/menus/[id]/recipe-cards/export
performance-test	Build application	2026-01-13T02:20:52.1930551Z â”œ Æ’ /api/menus/[id]/recipe-cards/generate
performance-test	Build application	2026-01-13T02:20:52.1931104Z â”œ Æ’ /api/menus/[id]/refresh-prices
performance-test	Build application	2026-01-13T02:20:52.1931579Z â”œ Æ’ /api/menus/[id]/reorder
performance-test	Build application	2026-01-13T02:20:52.1932059Z â”œ Æ’ /api/menus/[id]/statistics
performance-test	Build application	2026-01-13T02:20:52.1932589Z â”œ Æ’ /api/navigation-optimization/log
performance-test	Build application	2026-01-13T02:20:52.1933199Z â”œ Æ’ /api/navigation-optimization/patterns
performance-test	Build application	2026-01-13T02:20:52.1933832Z â”œ Æ’ /api/navigation-optimization/preferences
performance-test	Build application	2026-01-13T02:20:52.1934361Z â”œ Æ’ /api/order-lists
performance-test	Build application	2026-01-13T02:20:52.1934789Z â”œ Æ’ /api/order-lists/[id]
performance-test	Build application	2026-01-13T02:20:52.1935227Z â”œ Æ’ /api/order/status
performance-test	Build application	2026-01-13T02:20:52.1935611Z â”œ Æ’ /api/par-levels
performance-test	Build application	2026-01-13T02:20:52.1936168Z â”œ Æ’ /api/performance
performance-test	Build application	2026-01-13T02:20:52.1936725Z â”œ Æ’ /api/populate-clean-test-data
performance-test	Build application	2026-01-13T02:20:52.1937224Z â”œ Æ’ /api/populate-recipes
performance-test	Build application	2026-01-13T02:20:52.1937654Z â”œ Æ’ /api/prep-lists
performance-test	Build application	2026-01-13T02:20:52.1938116Z â”œ Æ’ /api/prep-lists/[id]/qr-code
performance-test	Build application	2026-01-13T02:20:52.1938708Z â”œ Æ’ /api/prep-lists/analyze-prep-details
performance-test	Build application	2026-01-13T02:20:52.1939208Z â”œ Æ’ /api/prep-lists/batch-create
performance-test	Build application	2026-01-13T02:20:52.1939548Z â”œ Æ’ /api/prep-lists/generate-from-menu
performance-test	Build application	2026-01-13T02:20:52.1939844Z â”œ Æ’ /api/qr-codes
performance-test	Build application	2026-01-13T02:20:52.1940095Z â”œ Æ’ /api/qualification-types
performance-test	Build application	2026-01-13T02:20:52.1940427Z â”œ Æ’ /api/recipe-scraper/convert-units
performance-test	Build application	2026-01-13T02:20:52.1940781Z â”œ Æ’ /api/recipe-scraper/process-recipes
performance-test	Build application	2026-01-13T02:20:52.1941119Z â”œ Æ’ /api/recipe-scraper/recipes
performance-test	Build application	2026-01-13T02:20:52.1941434Z â”œ Æ’ /api/recipe-scraper/resume
performance-test	Build application	2026-01-13T02:20:52.1941734Z â”œ Æ’ /api/recipe-scraper/scrape
performance-test	Build application	2026-01-13T02:20:52.1942055Z â”œ Æ’ /api/recipe-scraper/status
performance-test	Build application	2026-01-13T02:20:52.1942343Z â”œ Æ’ /api/recipe-scraper/stop
performance-test	Build application	2026-01-13T02:20:52.1942613Z â”œ Æ’ /api/recipe-share
performance-test	Build application	2026-01-13T02:20:52.1942849Z â”œ Æ’ /api/recipes
performance-test	Build application	2026-01-13T02:20:52.1943078Z â”œ Æ’ /api/recipes/[id]
performance-test	Build application	2026-01-13T02:20:52.1943374Z â”œ Æ’ /api/recipes/[id]/allergen-sources
performance-test	Build application	2026-01-13T02:20:52.1943731Z â”œ Æ’ /api/recipes/[id]/dietary-suitability
performance-test	Build application	2026-01-13T02:20:52.1944082Z â”œ Æ’ /api/recipes/[id]/generate-image
performance-test	Build application	2026-01-13T02:20:52.1944418Z â”œ Æ’ /api/recipes/[id]/ingredients
performance-test	Build application	2026-01-13T02:20:52.1944704Z â”œ Æ’ /api/recipes/[id]/qr-code
performance-test	Build application	2026-01-13T02:20:52.1963914Z â”œ Æ’ /api/recipes/[id]/revalidate-dietary
performance-test	Build application	2026-01-13T02:20:52.1964488Z â”œ Æ’ /api/recipes/[id]/suggest-plating-methods
performance-test	Build application	2026-01-13T02:20:52.1964877Z â”œ Æ’ /api/recipes/allergens/batch
performance-test	Build application	2026-01-13T02:20:52.1965190Z â”œ Æ’ /api/recipes/bulk-delete
performance-test	Build application	2026-01-13T02:20:52.1965479Z â”œ Æ’ /api/recipes/bulk-share
performance-test	Build application	2026-01-13T02:20:52.1965790Z â”œ Æ’ /api/recipes/dietary/batch
performance-test	Build application	2026-01-13T02:20:52.1966870Z â”œ Æ’ /api/recipes/exists
performance-test	Build application	2026-01-13T02:20:52.1967195Z â”œ Æ’ /api/recipes/ingredients/batch
performance-test	Build application	2026-01-13T02:20:52.1967495Z â”œ Æ’ /api/roster/shifts
performance-test	Build application	2026-01-13T02:20:52.1967751Z â”œ Æ’ /api/roster/shifts/[id]
performance-test	Build application	2026-01-13T02:20:52.1968234Z â”œ Æ’ /api/roster/templates
performance-test	Build application	2026-01-13T02:20:52.1968527Z â”œ Æ’ /api/roster/templates/[id]
performance-test	Build application	2026-01-13T02:20:52.1968843Z â”œ Æ’ /api/roster/templates/[id]/apply
performance-test	Build application	2026-01-13T02:20:52.1969220Z â”œ Æ’ /api/roster/templates/[id]/template-shifts
performance-test	Build application	2026-01-13T02:20:52.1969554Z â”œ Æ’ /api/setup-cleaning-tasks
performance-test	Build application	2026-01-13T02:20:52.1969998Z â”œ Æ’ /api/setup-cleaning-tasks/run
performance-test	Build application	2026-01-13T02:20:52.1970283Z â”œ Æ’ /api/setup-database
performance-test	Build application	2026-01-13T02:20:52.1970543Z â”œ Æ’ /api/setup-menu-builder
performance-test	Build application	2026-01-13T02:20:52.1970812Z â”œ Æ’ /api/setup-user-avatar
performance-test	Build application	2026-01-13T02:20:52.1971071Z â”œ Æ’ /api/square/callback
performance-test	Build application	2026-01-13T02:20:52.1971475Z â”œ Æ’ /api/square/config
performance-test	Build application	2026-01-13T02:20:52.1971872Z â”œ Æ’ /api/square/mappings
performance-test	Build application	2026-01-13T02:20:52.1972260Z â”œ Æ’ /api/square/oauth
performance-test	Build application	2026-01-13T02:20:52.1972639Z â”œ Æ’ /api/square/status
performance-test	Build application	2026-01-13T02:20:52.1973008Z â”œ Æ’ /api/square/sync
performance-test	Build application	2026-01-13T02:20:52.1973392Z â”œ Æ’ /api/staff/availability
performance-test	Build application	2026-01-13T02:20:52.1973833Z â”œ Æ’ /api/staff/employees
performance-test	Build application	2026-01-13T02:20:52.1974106Z â”œ Æ’ /api/staff/employees/[id]
performance-test	Build application	2026-01-13T02:20:52.1974412Z â”œ Æ’ /api/supplier-price-lists
performance-test	Build application	2026-01-13T02:20:52.1974672Z â”œ Æ’ /api/suppliers
performance-test	Build application	2026-01-13T02:20:52.1974942Z â”œ Æ’ /api/suppliers/[id]/qr-code
performance-test	Build application	2026-01-13T02:20:52.1975213Z â”œ Æ’ /api/support/contact
performance-test	Build application	2026-01-13T02:20:52.1975498Z â”œ Æ’ /api/temperature-equipment
performance-test	Build application	2026-01-13T02:20:52.1975830Z â”œ Æ’ /api/temperature-equipment/[id]
performance-test	Build application	2026-01-13T02:20:52.1976341Z â”œ Æ’ /api/temperature-logs
performance-test	Build application	2026-01-13T02:20:52.1976676Z â”œ Æ’ /api/temperature-logs/generate-sample
performance-test	Build application	2026-01-13T02:20:52.1977044Z â”œ Æ’ /api/test/apple-microsoft-connections
performance-test	Build application	2026-01-13T02:20:52.1977404Z â”œ Æ’ /api/test/auth0-callback-diagnostic
performance-test	Build application	2026-01-13T02:20:52.1977742Z â”œ Æ’ /api/test/auth0-comprehensive
performance-test	Build application	2026-01-13T02:20:52.1978025Z â”œ Æ’ /api/test/auth0-flow
performance-test	Build application	2026-01-13T02:20:52.1978313Z â”œ Æ’ /api/test/auth0-signin-flow
performance-test	Build application	2026-01-13T02:20:52.1978648Z â”œ Æ’ /api/test/auth0-social-connections
performance-test	Build application	2026-01-13T02:20:52.1978982Z â”œ Æ’ /api/test/google-login-flow
performance-test	Build application	2026-01-13T02:20:52.1979297Z â”œ Æ’ /api/test/list-all-connections
performance-test	Build application	2026-01-13T02:20:52.1979633Z â”œ Æ’ /api/time-attendance/clock-in
performance-test	Build application	2026-01-13T02:20:52.1979948Z â”œ Æ’ /api/time-attendance/clock-out
performance-test	Build application	2026-01-13T02:20:52.1980258Z â”œ Æ’ /api/time-attendance/records
performance-test	Build application	2026-01-13T02:20:52.1980530Z â”œ Æ’ /api/user/activity
performance-test	Build application	2026-01-13T02:20:52.1980766Z â”œ Æ’ /api/user/avatar
performance-test	Build application	2026-01-13T02:20:52.1981005Z â”œ Æ’ /api/user/data-usage
performance-test	Build application	2026-01-13T02:20:52.1981326Z â”œ Æ’ /api/user/error-reporting-preferences
performance-test	Build application	2026-01-13T02:20:52.1981622Z â”œ Æ’ /api/user/errors
performance-test	Build application	2026-01-13T02:20:52.1981892Z â”œ Æ’ /api/user/errors/auto-report
performance-test	Build application	2026-01-13T02:20:52.1982217Z â”œ Æ’ /api/user/import-export-history
performance-test	Build application	2026-01-13T02:20:52.1982516Z â”œ Æ’ /api/user/login-history
performance-test	Build application	2026-01-13T02:20:52.1982783Z â”œ Æ’ /api/user/notifications
performance-test	Build application	2026-01-13T02:20:52.1983037Z â”œ Æ’ /api/user/profile
performance-test	Build application	2026-01-13T02:20:52.1983278Z â”œ Æ’ /api/user/sessions
performance-test	Build application	2026-01-13T02:20:52.1983557Z â”œ Æ’ /api/user/sessions/[id]/revoke
performance-test	Build application	2026-01-13T02:20:52.1983841Z â”œ Æ’ /api/user/subscription
performance-test	Build application	2026-01-13T02:20:52.1984149Z â”œ Æ’ /api/user/verify-email/resend
performance-test	Build application	2026-01-13T02:20:52.1984427Z â”œ Æ’ /api/webhook/square
performance-test	Build application	2026-01-13T02:20:52.1984690Z â”œ Æ’ /api/webhook/stripe
performance-test	Build application	2026-01-13T02:20:52.1984927Z â”œ Æ’ /auth/profile
performance-test	Build application	2026-01-13T02:20:52.1985141Z â”œ â—‹ /bad-request
performance-test	Build application	2026-01-13T02:20:52.1985518Z â”œ â—‹ /curbos                                               5m      1y
performance-test	Build application	2026-01-13T02:20:52.1985878Z â”œ Æ’ /curbos-import/admin
performance-test	Build application	2026-01-13T02:20:52.1986423Z â”œ Æ’ /curbos-import/admin/modifiers
performance-test	Build application	2026-01-13T02:20:52.1986710Z â”œ Æ’ /curbos/customers
performance-test	Build application	2026-01-13T02:20:52.1987106Z â”œ â—‹ /curbos/display                                       5m      1y
performance-test	Build application	2026-01-13T02:20:52.1987609Z â”œ â—‹ /curbos/kitchen                                       5m      1y
performance-test	Build application	2026-01-13T02:20:52.1988105Z â”œ â—‹ /curbos/login                                         5m      1y
performance-test	Build application	2026-01-13T02:20:52.1988600Z â”œ â—‹ /curbos/modifiers                                     5m      1y
performance-test	Build application	2026-01-13T02:20:52.1988962Z â”œ Æ’ /curbos/order/[id]
performance-test	Build application	2026-01-13T02:20:52.1989211Z â”œ Æ’ /curbos/public/[token]
performance-test	Build application	2026-01-13T02:20:52.1989471Z â”œ Æ’ /curbos/quests/[id]
performance-test	Build application	2026-01-13T02:20:52.1989861Z â”œ â—‹ /curbos/settings                                      5m      1y
performance-test	Build application	2026-01-13T02:20:52.1990531Z â”œ â—‹ /curbos/stats                                         5m      1y
performance-test	Build application	2026-01-13T02:20:52.1991027Z â”œ â—‹ /curbos/unauthorized                                  5m      1y
performance-test	Build application	2026-01-13T02:20:52.1991394Z â”œ â—‹ /generate-background
performance-test	Build application	2026-01-13T02:20:52.1991745Z â”œ â—‹ /guide
performance-test	Build application	2026-01-13T02:20:52.1991959Z â”œ â—‹ /not-authorized
performance-test	Build application	2026-01-13T02:20:52.1992173Z â”œ â—‹ /pricing
performance-test	Build application	2026-01-13T02:20:52.1992383Z â”œ â—‹ /privacy
performance-test	Build application	2026-01-13T02:20:52.1992594Z â”œ â—‹ /privacy-policy
performance-test	Build application	2026-01-13T02:20:52.1992805Z â”œ â—‹ /terms
performance-test	Build application	2026-01-13T02:20:52.1993017Z â”œ â—‹ /terms-of-service
performance-test	Build application	2026-01-13T02:20:52.1993233Z â”œ â—‹ /webapp
performance-test	Build application	2026-01-13T02:20:52.1993450Z â”œ â—‹ /webapp/ai-specials
performance-test	Build application	2026-01-13T02:20:52.1993691Z â”œ â—‹ /webapp/cleaning
performance-test	Build application	2026-01-13T02:20:52.1993911Z â”œ â—‹ /webapp/cogs
performance-test	Build application	2026-01-13T02:20:52.1994139Z â”œ â—‹ /webapp/compliance
performance-test	Build application	2026-01-13T02:20:52.1994388Z â”œ â—‹ /webapp/dish-builder
performance-test	Build application	2026-01-13T02:20:52.1994640Z â”œ â—‹ /webapp/employees
performance-test	Build application	2026-01-13T02:20:52.1994889Z â”œ Æ’ /webapp/equipment/[id]
performance-test	Build application	2026-01-13T02:20:52.1995147Z â”œ â—‹ /webapp/guide
performance-test	Build application	2026-01-13T02:20:52.1995376Z â”œ â—‹ /webapp/ingredients
performance-test	Build application	2026-01-13T02:20:52.1995630Z â”œ â—‹ /webapp/menu-builder
performance-test	Build application	2026-01-13T02:20:52.1995899Z â”œ â—‹ /webapp/order-lists
performance-test	Build application	2026-01-13T02:20:52.1996454Z â”œ â—‹ /webapp/par-levels
performance-test	Build application	2026-01-13T02:20:52.1996903Z â”œ â—‹ /webapp/performance
performance-test	Build application	2026-01-13T02:20:52.1997339Z â”œ â—‹ /webapp/prep-lists
performance-test	Build application	2026-01-13T02:20:52.1997755Z â”œ â—‹ /webapp/recipe-sharing
performance-test	Build application	2026-01-13T02:20:52.1998168Z â”œ â—‹ /webapp/recipes
performance-test	Build application	2026-01-13T02:20:52.1998537Z â”œ â—‹ /webapp/roster
performance-test	Build application	2026-01-13T02:20:52.1998910Z â”œ â—‹ /webapp/sections
performance-test	Build application	2026-01-13T02:20:52.1999295Z â”œ â—‹ /webapp/settings
performance-test	Build application	2026-01-13T02:20:52.1999704Z â”œ â—‹ /webapp/settings/backup
performance-test	Build application	2026-01-13T02:20:52.2000155Z â”œ â—‹ /webapp/settings/billing
performance-test	Build application	2026-01-13T02:20:52.2000592Z â”œ â—‹ /webapp/setup
performance-test	Build application	2026-01-13T02:20:52.2000965Z â”œ â—‹ /webapp/square
performance-test	Build application	2026-01-13T02:20:52.2001304Z â”œ â—‹ /webapp/staff
performance-test	Build application	2026-01-13T02:20:52.2001717Z â”œ Æ’ /webapp/staff/[id]/onboarding
performance-test	Build application	2026-01-13T02:20:52.2002153Z â”œ â—‹ /webapp/suppliers
performance-test	Build application	2026-01-13T02:20:52.2002519Z â”œ â—‹ /webapp/temperature
performance-test	Build application	2026-01-13T02:20:52.2002939Z â”œ â—‹ /webapp/test-error
performance-test	Build application	2026-01-13T02:20:52.2003361Z â”” â—‹ /webapp/time-attendance
performance-test	Build application	2026-01-13T02:20:52.2003606Z 
performance-test	Build application	2026-01-13T02:20:52.2003619Z 
performance-test	Build application	2026-01-13T02:20:52.2003805Z Æ’ Proxy (Middleware)
performance-test	Build application	2026-01-13T02:20:52.2004004Z 
performance-test	Build application	2026-01-13T02:20:52.2004299Z â—‹  (Static)   prerendered as static content
performance-test	Build application	2026-01-13T02:20:52.2004889Z Æ’  (Dynamic)  server-rendered on demand
performance-test	Build application	2026-01-13T02:20:52.2005172Z 
performance-test	Start application	ï»¿2026-01-13T02:20:52.2922603Z ##[group]Run npm start &
performance-test	Start application	2026-01-13T02:20:52.2922917Z [36;1mnpm start &[0m
performance-test	Start application	2026-01-13T02:20:52.2998744Z shell: /usr/bin/bash -e {0}
performance-test	Start application	2026-01-13T02:20:52.2999004Z env:
performance-test	Start application	2026-01-13T02:20:52.2999179Z   PORT: 3000
performance-test	Start application	2026-01-13T02:20:52.2999662Z   NEXT_PUBLIC_SUPABASE_URL: ***
performance-test	Start application	2026-01-13T02:20:52.3000924Z   NEXT_PUBLIC_SUPABASE_ANON_KEY: ***
performance-test	Start application	2026-01-13T02:20:52.3002246Z   SUPABASE_SERVICE_ROLE_KEY: ***
performance-test	Start application	2026-01-13T02:20:52.3002485Z ##[endgroup]
performance-test	Start application	2026-01-13T02:20:52.3986207Z 
performance-test	Start application	2026-01-13T02:20:52.3986679Z > curbos@0.6.7 start
performance-test	Start application	2026-01-13T02:20:52.3987112Z > next start
performance-test	Start application	2026-01-13T02:20:52.3987310Z 
performance-test	Start application	2026-01-13T02:20:52.6216524Z    â–² Next.js 16.0.10
performance-test	Start application	2026-01-13T02:20:52.6217968Z    - Local:         http://localhost:3000
performance-test	Start application	2026-01-13T02:20:52.6218611Z    - Network:       http://10.1.0.157:3000
performance-test	Start application	2026-01-13T02:20:52.6219209Z 
performance-test	Start application	2026-01-13T02:20:52.6220898Z  âœ“ Starting...
performance-test	Start application	2026-01-13T02:20:53.0962968Z  âœ“ Ready in 609ms
performance-test	Start application	2026-01-13T02:20:53.2399960Z [ERROR] {"level":"error","message":"[Auth0 SDK] Missing AUTH0_DOMAIN or AUTH0_ISSUER_BASE_URL","timestamp":"2026-01-13T02:20:53.238Z"}
performance-test	Start application	2026-01-13T02:20:53.2403037Z [ERROR] {"level":"error","message":"[Auth0 SDK] Missing required environment variables:","timestamp":"2026-01-13T02:20:53.240Z","data":{"missing":["AUTH0_CLIENT_ID","AUTH0_CLIENT_SECRET"]}}
performance-test	Start application	2026-01-13T02:20:53.2405669Z [ERROR] {"level":"error","message":"[Auth0 SDK] Configuration validation failed:","timestamp":"2026-01-13T02:20:53.240Z","data":{"isValid":false,"missing":["AUTH0_CLIENT_ID","AUTH0_CLIENT_SECRET"],"domain":"NOT_SET"}}
performance-test	Wait for application	ï»¿2026-01-13T02:20:57.3102318Z ##[group]Run npx wait-on http://localhost:3000 --timeout 120000
performance-test	Wait for application	2026-01-13T02:20:57.3102853Z [36;1mnpx wait-on http://localhost:3000 --timeout 120000[0m
performance-test	Wait for application	2026-01-13T02:20:57.3134909Z shell: /usr/bin/bash -e {0}
performance-test	Wait for application	2026-01-13T02:20:57.3135155Z ##[endgroup]
performance-test	Wait for application	2026-01-13T02:20:58.1569481Z npm warn exec The following package was not found and will be installed: wait-on@9.0.3
performance-test	Wait for application	2026-01-13T02:22:59.7942233Z Error: Timed out waiting for: http://localhost:3000
performance-test	Wait for application	2026-01-13T02:22:59.7943428Z     at /home/runner/.npm/_npx/04d57496964ca6d1/node_modules/wait-on/lib/wait-on.js:131:31
performance-test	Wait for application	2026-01-13T02:22:59.7945090Z     at doInnerSub (/home/runner/.npm/_npx/04d57496964ca6d1/node_modules/rxjs/dist/cjs/internal/operators/mergeInternals.js:22:31)
performance-test	Wait for application	2026-01-13T02:22:59.7947253Z     at outerNext (/home/runner/.npm/_npx/04d57496964ca6d1/node_modules/rxjs/dist/cjs/internal/operators/mergeInternals.js:17:70)
performance-test	Wait for application	2026-01-13T02:22:59.7949159Z     at OperatorSubscriber._this._next (/home/runner/.npm/_npx/04d57496964ca6d1/node_modules/rxjs/dist/cjs/internal/operators/OperatorSubscriber.js:33:21)
performance-test	Wait for application	2026-01-13T02:22:59.7950910Z     at Subscriber.next (/home/runner/.npm/_npx/04d57496964ca6d1/node_modules/rxjs/dist/cjs/internal/Subscriber.js:51:18)
performance-test	Wait for application	2026-01-13T02:22:59.7952303Z     at AsyncAction.work (/home/runner/.npm/_npx/04d57496964ca6d1/node_modules/rxjs/dist/cjs/internal/observable/timer.js:28:28)
performance-test	Wait for application	2026-01-13T02:22:59.7953432Z     at AsyncAction._execute (/home/runner/.npm/_npx/04d57496964ca6d1/node_modules/rxjs/dist/cjs/internal/scheduler/AsyncAction.js:79:18)
performance-test	Wait for application	2026-01-13T02:22:59.7954554Z     at AsyncAction.execute (/home/runner/.npm/_npx/04d57496964ca6d1/node_modules/rxjs/dist/cjs/internal/scheduler/AsyncAction.js:67:26)
performance-test	Wait for application	2026-01-13T02:22:59.7955737Z     at AsyncScheduler.flush (/home/runner/.npm/_npx/04d57496964ca6d1/node_modules/rxjs/dist/cjs/internal/scheduler/AsyncScheduler.js:38:33)
performance-test	Wait for application	2026-01-13T02:22:59.7956760Z     at listOnTimeout (node:internal/timers:588:17)
performance-test	Wait for application	2026-01-13T02:22:59.8141698Z ##[error]Process completed with exit code 1.
performance-test	Upload performance results	ï»¿2026-01-13T02:22:59.8225889Z ##[group]Run actions/upload-artifact@v4
performance-test	Upload performance results	2026-01-13T02:22:59.8226317Z with:
performance-test	Upload performance results	2026-01-13T02:22:59.8226503Z   name: performance-results
performance-test	Upload performance results	2026-01-13T02:22:59.8226886Z   path: .lighthouseci/
performance-test	Upload performance results	performance-budget-report.json
performance-test	Upload performance results	bundle-analysis-report.json
performance-test	Upload performance results	
performance-test	Upload performance results	2026-01-13T02:22:59.8227315Z   if-no-files-found: warn
performance-test	Upload performance results	2026-01-13T02:22:59.8227547Z   compression-level: 6
performance-test	Upload performance results	2026-01-13T02:22:59.8227742Z   overwrite: false
performance-test	Upload performance results	2026-01-13T02:22:59.8227939Z   include-hidden-files: false
performance-test	Upload performance results	2026-01-13T02:22:59.8228164Z ##[endgroup]
performance-test	Upload performance results	2026-01-13T02:23:00.0420901Z Multiple search paths detected. Calculating the least common ancestor of all paths
performance-test	Upload performance results	2026-01-13T02:23:00.0425157Z The least common ancestor is /home/runner/work/prepflow-landing/prepflow-landing. This will be the root directory of the artifact
performance-test	Upload performance results	2026-01-13T02:23:00.0437984Z ##[warning]No files were found with the provided path: .lighthouseci/
performance-test	Upload performance results	performance-budget-report.json
performance-test	Upload performance results	bundle-analysis-report.json. No artifacts will be uploaded.
performance-test	Post Checkout code	ï»¿2026-01-13T02:23:00.0579867Z Post job cleanup.
performance-test	Post Checkout code	2026-01-13T02:23:00.1535339Z [command]/usr/bin/git version
performance-test	Post Checkout code	2026-01-13T02:23:00.1574715Z git version 2.52.0
performance-test	Post Checkout code	2026-01-13T02:23:00.1618406Z Temporarily overriding HOME='/home/runner/work/_temp/fa4e090b-858d-4fd9-a051-1aa922902d07' before making global git config changes
performance-test	Post Checkout code	2026-01-13T02:23:00.1620124Z Adding repository directory to the temporary git global config as a safe directory
performance-test	Post Checkout code	2026-01-13T02:23:00.1632276Z [command]/usr/bin/git config --global --add safe.directory /home/runner/work/prepflow-landing/prepflow-landing
performance-test	Post Checkout code	2026-01-13T02:23:00.1667229Z [command]/usr/bin/git config --local --name-only --get-regexp core\.sshCommand
performance-test	Post Checkout code	2026-01-13T02:23:00.1700698Z [command]/usr/bin/git submodule foreach --recursive sh -c "git config --local --name-only --get-regexp 'core\.sshCommand' && git config --local --unset-all 'core.sshCommand' || :"
performance-test	Post Checkout code	2026-01-13T02:23:00.1957048Z [command]/usr/bin/git config --local --name-only --get-regexp http\.https\:\/\/github\.com\/\.extraheader
performance-test	Post Checkout code	2026-01-13T02:23:00.1984006Z http.https://github.com/.extraheader
performance-test	Post Checkout code	2026-01-13T02:23:00.1998882Z [command]/usr/bin/git config --local --unset-all http.https://github.com/.extraheader
performance-test	Post Checkout code	2026-01-13T02:23:00.2032276Z [command]/usr/bin/git submodule foreach --recursive sh -c "git config --local --name-only --get-regexp 'http\.https\:\/\/github\.com\/\.extraheader' && git config --local --unset-all 'http.https://github.com/.extraheader' || :"
performance-test	Post Checkout code	2026-01-13T02:23:00.2283535Z [command]/usr/bin/git config --local --name-only --get-regexp ^includeIf\.gitdir:
performance-test	Post Checkout code	2026-01-13T02:23:00.2316550Z [command]/usr/bin/git submodule foreach --recursive git config --local --show-origin --name-only --get-regexp remote.origin.url
performance-test	Complete job	ï»¿2026-01-13T02:23:00.2684741Z Cleaning up orphan processes
performance-test	Complete job	2026-01-13T02:23:00.3014051Z Terminate orphan process: pid (2471) (npm start)
performance-test	Complete job	2026-01-13T02:23:00.3039760Z Terminate orphan process: pid (2482) (sh)
performance-test	Complete job	2026-01-13T02:23:00.3065265Z Terminate orphan process: pid (2483) (next-server (v16.0.10))
