Recursive Self-Improvement Cycle	UNKNOWN STEP	Ôªø2026-01-14T15:26:55.2812559Z Current runner version: '2.330.0'
Recursive Self-Improvement Cycle	UNKNOWN STEP	2026-01-14T15:26:55.2835922Z ##[group]Runner Image Provisioner
Recursive Self-Improvement Cycle	UNKNOWN STEP	2026-01-14T15:26:55.2836739Z Hosted Compute Agent
Recursive Self-Improvement Cycle	UNKNOWN STEP	2026-01-14T15:26:55.2837295Z Version: 20251211.462
Recursive Self-Improvement Cycle	UNKNOWN STEP	2026-01-14T15:26:55.2838040Z Commit: 6cbad8c2bb55d58165063d031ccabf57e2d2db61
Recursive Self-Improvement Cycle	UNKNOWN STEP	2026-01-14T15:26:55.2838753Z Build Date: 2025-12-11T16:28:49Z
Recursive Self-Improvement Cycle	UNKNOWN STEP	2026-01-14T15:26:55.2839396Z Worker ID: {57e8bbd0-2832-4e37-9ef7-3a0e22bd330f}
Recursive Self-Improvement Cycle	UNKNOWN STEP	2026-01-14T15:26:55.2840173Z ##[endgroup]
Recursive Self-Improvement Cycle	UNKNOWN STEP	2026-01-14T15:26:55.2840667Z ##[group]Operating System
Recursive Self-Improvement Cycle	UNKNOWN STEP	2026-01-14T15:26:55.2841236Z Ubuntu
Recursive Self-Improvement Cycle	UNKNOWN STEP	2026-01-14T15:26:55.2841837Z 24.04.3
Recursive Self-Improvement Cycle	UNKNOWN STEP	2026-01-14T15:26:55.2842285Z LTS
Recursive Self-Improvement Cycle	UNKNOWN STEP	2026-01-14T15:26:55.2842989Z ##[endgroup]
Recursive Self-Improvement Cycle	UNKNOWN STEP	2026-01-14T15:26:55.2843596Z ##[group]Runner Image
Recursive Self-Improvement Cycle	UNKNOWN STEP	2026-01-14T15:26:55.2844246Z Image: ubuntu-24.04
Recursive Self-Improvement Cycle	UNKNOWN STEP	2026-01-14T15:26:55.2844755Z Version: 20260105.202.1
Recursive Self-Improvement Cycle	UNKNOWN STEP	2026-01-14T15:26:55.2845821Z Included Software: https://github.com/actions/runner-images/blob/ubuntu24/20260105.202/images/ubuntu/Ubuntu2404-Readme.md
Recursive Self-Improvement Cycle	UNKNOWN STEP	2026-01-14T15:26:55.2847356Z Image Release: https://github.com/actions/runner-images/releases/tag/ubuntu24%2F20260105.202
Recursive Self-Improvement Cycle	UNKNOWN STEP	2026-01-14T15:26:55.2848439Z ##[endgroup]
Recursive Self-Improvement Cycle	UNKNOWN STEP	2026-01-14T15:26:55.2849687Z ##[group]GITHUB_TOKEN Permissions
Recursive Self-Improvement Cycle	UNKNOWN STEP	2026-01-14T15:26:55.2851743Z Contents: write
Recursive Self-Improvement Cycle	UNKNOWN STEP	2026-01-14T15:26:55.2852416Z Metadata: read
Recursive Self-Improvement Cycle	UNKNOWN STEP	2026-01-14T15:26:55.2853240Z PullRequests: write
Recursive Self-Improvement Cycle	UNKNOWN STEP	2026-01-14T15:26:55.2853728Z ##[endgroup]
Recursive Self-Improvement Cycle	UNKNOWN STEP	2026-01-14T15:26:55.2855853Z Secret source: Actions
Recursive Self-Improvement Cycle	UNKNOWN STEP	2026-01-14T15:26:55.2856533Z Prepare workflow directory
Recursive Self-Improvement Cycle	UNKNOWN STEP	2026-01-14T15:26:55.3237257Z Prepare all required actions
Recursive Self-Improvement Cycle	UNKNOWN STEP	2026-01-14T15:26:55.3282020Z Getting action download info
Recursive Self-Improvement Cycle	UNKNOWN STEP	2026-01-14T15:26:55.7098413Z Download action repository 'actions/checkout@v4' (SHA:34e114876b0b11c390a56381ad16ebd13914f8d5)
Recursive Self-Improvement Cycle	UNKNOWN STEP	2026-01-14T15:26:55.8371754Z Download action repository 'actions/setup-node@v4' (SHA:49933ea5288caeca8642d1e84afbd3f7d6820020)
Recursive Self-Improvement Cycle	UNKNOWN STEP	2026-01-14T15:26:55.9360345Z Download action repository 'peter-evans/create-pull-request@v6' (SHA:c5a7806660adbe173f04e3e038b0ccdcd758773c)
Recursive Self-Improvement Cycle	UNKNOWN STEP	2026-01-14T15:26:56.5449231Z Complete job name: Recursive Self-Improvement Cycle
Recursive Self-Improvement Cycle	UNKNOWN STEP	2026-01-14T15:26:56.6171417Z ##[group]Run actions/checkout@v4
Recursive Self-Improvement Cycle	UNKNOWN STEP	2026-01-14T15:26:56.6172264Z with:
Recursive Self-Improvement Cycle	UNKNOWN STEP	2026-01-14T15:26:56.6172646Z   fetch-depth: 0
Recursive Self-Improvement Cycle	UNKNOWN STEP	2026-01-14T15:26:56.6173295Z   repository: KuschiKuschbert/prepflow-landing
Recursive Self-Improvement Cycle	UNKNOWN STEP	2026-01-14T15:26:56.6174085Z   token: ***
Recursive Self-Improvement Cycle	UNKNOWN STEP	2026-01-14T15:26:56.6174484Z   ssh-strict: true
Recursive Self-Improvement Cycle	UNKNOWN STEP	2026-01-14T15:26:56.6174889Z   ssh-user: git
Recursive Self-Improvement Cycle	UNKNOWN STEP	2026-01-14T15:26:56.6175287Z   persist-credentials: true
Recursive Self-Improvement Cycle	UNKNOWN STEP	2026-01-14T15:26:56.6175748Z   clean: true
Recursive Self-Improvement Cycle	UNKNOWN STEP	2026-01-14T15:26:56.6176154Z   sparse-checkout-cone-mode: true
Recursive Self-Improvement Cycle	UNKNOWN STEP	2026-01-14T15:26:56.6176668Z   fetch-tags: false
Recursive Self-Improvement Cycle	UNKNOWN STEP	2026-01-14T15:26:56.6177082Z   show-progress: true
Recursive Self-Improvement Cycle	UNKNOWN STEP	2026-01-14T15:26:56.6177498Z   lfs: false
Recursive Self-Improvement Cycle	UNKNOWN STEP	2026-01-14T15:26:56.6177862Z   submodules: false
Recursive Self-Improvement Cycle	UNKNOWN STEP	2026-01-14T15:26:56.6178279Z   set-safe-directory: true
Recursive Self-Improvement Cycle	UNKNOWN STEP	2026-01-14T15:26:56.6178993Z ##[endgroup]
Recursive Self-Improvement Cycle	UNKNOWN STEP	2026-01-14T15:26:56.7245313Z Syncing repository: KuschiKuschbert/prepflow-landing
Recursive Self-Improvement Cycle	UNKNOWN STEP	2026-01-14T15:26:56.7247366Z ##[group]Getting Git version info
Recursive Self-Improvement Cycle	UNKNOWN STEP	2026-01-14T15:26:56.7248298Z Working directory is '/home/runner/work/prepflow-landing/prepflow-landing'
Recursive Self-Improvement Cycle	UNKNOWN STEP	2026-01-14T15:26:56.7249710Z [command]/usr/bin/git version
Recursive Self-Improvement Cycle	UNKNOWN STEP	2026-01-14T15:26:56.7344997Z git version 2.52.0
Recursive Self-Improvement Cycle	UNKNOWN STEP	2026-01-14T15:26:56.7371325Z ##[endgroup]
Recursive Self-Improvement Cycle	UNKNOWN STEP	2026-01-14T15:26:56.7385433Z Temporarily overriding HOME='/home/runner/work/_temp/fe99ac99-91e7-42fc-b488-1f70aa108c4a' before making global git config changes
Recursive Self-Improvement Cycle	UNKNOWN STEP	2026-01-14T15:26:56.7387622Z Adding repository directory to the temporary git global config as a safe directory
Recursive Self-Improvement Cycle	UNKNOWN STEP	2026-01-14T15:26:56.7397685Z [command]/usr/bin/git config --global --add safe.directory /home/runner/work/prepflow-landing/prepflow-landing
Recursive Self-Improvement Cycle	UNKNOWN STEP	2026-01-14T15:26:56.7439518Z Deleting the contents of '/home/runner/work/prepflow-landing/prepflow-landing'
Recursive Self-Improvement Cycle	UNKNOWN STEP	2026-01-14T15:26:56.7443022Z ##[group]Initializing the repository
Recursive Self-Improvement Cycle	UNKNOWN STEP	2026-01-14T15:26:56.7447121Z [command]/usr/bin/git init /home/runner/work/prepflow-landing/prepflow-landing
Recursive Self-Improvement Cycle	UNKNOWN STEP	2026-01-14T15:26:56.7565390Z hint: Using 'master' as the name for the initial branch. This default branch name
Recursive Self-Improvement Cycle	UNKNOWN STEP	2026-01-14T15:26:56.7567016Z hint: will change to "main" in Git 3.0. To configure the initial branch name
Recursive Self-Improvement Cycle	UNKNOWN STEP	2026-01-14T15:26:56.7568586Z hint: to use in all of your new repositories, which will suppress this warning,
Recursive Self-Improvement Cycle	UNKNOWN STEP	2026-01-14T15:26:56.7569808Z hint: call:
Recursive Self-Improvement Cycle	UNKNOWN STEP	2026-01-14T15:26:56.7570562Z hint:
Recursive Self-Improvement Cycle	UNKNOWN STEP	2026-01-14T15:26:56.7571295Z hint: 	git config --global init.defaultBranch <name>
Recursive Self-Improvement Cycle	UNKNOWN STEP	2026-01-14T15:26:56.7572275Z hint:
Recursive Self-Improvement Cycle	UNKNOWN STEP	2026-01-14T15:26:56.7573070Z hint: Names commonly chosen instead of 'master' are 'main', 'trunk' and
Recursive Self-Improvement Cycle	UNKNOWN STEP	2026-01-14T15:26:56.7573962Z hint: 'development'. The just-created branch can be renamed via this command:
Recursive Self-Improvement Cycle	UNKNOWN STEP	2026-01-14T15:26:56.7574644Z hint:
Recursive Self-Improvement Cycle	UNKNOWN STEP	2026-01-14T15:26:56.7575024Z hint: 	git branch -m <name>
Recursive Self-Improvement Cycle	UNKNOWN STEP	2026-01-14T15:26:56.7575459Z hint:
Recursive Self-Improvement Cycle	UNKNOWN STEP	2026-01-14T15:26:56.7576042Z hint: Disable this message with "git config set advice.defaultBranchName false"
Recursive Self-Improvement Cycle	UNKNOWN STEP	2026-01-14T15:26:56.7577673Z Initialized empty Git repository in /home/runner/work/prepflow-landing/prepflow-landing/.git/
Recursive Self-Improvement Cycle	UNKNOWN STEP	2026-01-14T15:26:56.7582443Z [command]/usr/bin/git remote add origin https://github.com/KuschiKuschbert/prepflow-landing
Recursive Self-Improvement Cycle	UNKNOWN STEP	2026-01-14T15:26:56.7617179Z ##[endgroup]
Recursive Self-Improvement Cycle	UNKNOWN STEP	2026-01-14T15:26:56.7618275Z ##[group]Disabling automatic garbage collection
Recursive Self-Improvement Cycle	UNKNOWN STEP	2026-01-14T15:26:56.7620872Z [command]/usr/bin/git config --local gc.auto 0
Recursive Self-Improvement Cycle	UNKNOWN STEP	2026-01-14T15:26:56.7648539Z ##[endgroup]
Recursive Self-Improvement Cycle	UNKNOWN STEP	2026-01-14T15:26:56.7655111Z ##[group]Setting up auth
Recursive Self-Improvement Cycle	UNKNOWN STEP	2026-01-14T15:26:56.7655818Z [command]/usr/bin/git config --local --name-only --get-regexp core\.sshCommand
Recursive Self-Improvement Cycle	UNKNOWN STEP	2026-01-14T15:26:56.7684858Z [command]/usr/bin/git submodule foreach --recursive sh -c "git config --local --name-only --get-regexp 'core\.sshCommand' && git config --local --unset-all 'core.sshCommand' || :"
Recursive Self-Improvement Cycle	UNKNOWN STEP	2026-01-14T15:26:56.8043839Z [command]/usr/bin/git config --local --name-only --get-regexp http\.https\:\/\/github\.com\/\.extraheader
Recursive Self-Improvement Cycle	UNKNOWN STEP	2026-01-14T15:26:56.8074142Z [command]/usr/bin/git submodule foreach --recursive sh -c "git config --local --name-only --get-regexp 'http\.https\:\/\/github\.com\/\.extraheader' && git config --local --unset-all 'http.https://github.com/.extraheader' || :"
Recursive Self-Improvement Cycle	UNKNOWN STEP	2026-01-14T15:26:56.8288214Z [command]/usr/bin/git config --local --name-only --get-regexp ^includeIf\.gitdir:
Recursive Self-Improvement Cycle	UNKNOWN STEP	2026-01-14T15:26:56.8319768Z [command]/usr/bin/git submodule foreach --recursive git config --local --show-origin --name-only --get-regexp remote.origin.url
Recursive Self-Improvement Cycle	UNKNOWN STEP	2026-01-14T15:26:56.8548130Z [command]/usr/bin/git config --local http.https://github.com/.extraheader AUTHORIZATION: basic ***
Recursive Self-Improvement Cycle	UNKNOWN STEP	2026-01-14T15:26:56.8580821Z ##[endgroup]
Recursive Self-Improvement Cycle	UNKNOWN STEP	2026-01-14T15:26:56.8582101Z ##[group]Fetching the repository
Recursive Self-Improvement Cycle	UNKNOWN STEP	2026-01-14T15:26:56.8590461Z [command]/usr/bin/git -c protocol.version=2 fetch --prune --no-recurse-submodules origin +refs/heads/*:refs/remotes/origin/* +refs/tags/*:refs/tags/*
Recursive Self-Improvement Cycle	UNKNOWN STEP	2026-01-14T15:27:15.6704333Z From https://github.com/KuschiKuschbert/prepflow-landing
Recursive Self-Improvement Cycle	UNKNOWN STEP	2026-01-14T15:27:15.6705494Z  * [new branch]          fix/formatting-ci     -> origin/fix/formatting-ci
Recursive Self-Improvement Cycle	UNKNOWN STEP	2026-01-14T15:27:15.6706437Z  * [new branch]          fix/rsi-workflow-typo -> origin/fix/rsi-workflow-typo
Recursive Self-Improvement Cycle	UNKNOWN STEP	2026-01-14T15:27:15.6707661Z  * [new branch]          fix/ultrathink-ci     -> origin/fix/ultrathink-ci
Recursive Self-Improvement Cycle	UNKNOWN STEP	2026-01-14T15:27:15.6708851Z  * [new branch]          improvement/mobile-readability-audit -> origin/improvement/mobile-readability-audit
Recursive Self-Improvement Cycle	UNKNOWN STEP	2026-01-14T15:27:15.6709940Z  * [new branch]          main                  -> origin/main
Recursive Self-Improvement Cycle	UNKNOWN STEP	2026-01-14T15:27:15.6710841Z  * [new branch]          refactor/api-type-cleanup -> origin/refactor/api-type-cleanup
Recursive Self-Improvement Cycle	UNKNOWN STEP	2026-01-14T15:27:15.6711735Z  * [new tag]             v0.6.0                -> v0.6.0
Recursive Self-Improvement Cycle	UNKNOWN STEP	2026-01-14T15:27:15.6712385Z  * [new tag]             v0.6.1                -> v0.6.1
Recursive Self-Improvement Cycle	UNKNOWN STEP	2026-01-14T15:27:15.6713237Z  * [new tag]             v0.6.2                -> v0.6.2
Recursive Self-Improvement Cycle	UNKNOWN STEP	2026-01-14T15:27:15.6713866Z  * [new tag]             v0.6.3                -> v0.6.3
Recursive Self-Improvement Cycle	UNKNOWN STEP	2026-01-14T15:27:15.6714526Z  * [new tag]             v0.6.4                -> v0.6.4
Recursive Self-Improvement Cycle	UNKNOWN STEP	2026-01-14T15:27:15.6715180Z  * [new tag]             v0.6.5                -> v0.6.5
Recursive Self-Improvement Cycle	UNKNOWN STEP	2026-01-14T15:27:15.6758861Z [command]/usr/bin/git branch --list --remote origin/main
Recursive Self-Improvement Cycle	UNKNOWN STEP	2026-01-14T15:27:15.6783891Z   origin/main
Recursive Self-Improvement Cycle	UNKNOWN STEP	2026-01-14T15:27:15.6793202Z [command]/usr/bin/git rev-parse refs/remotes/origin/main
Recursive Self-Improvement Cycle	UNKNOWN STEP	2026-01-14T15:27:15.6812873Z fac2861db75858316a9985a4807d550950bea3f7
Recursive Self-Improvement Cycle	UNKNOWN STEP	2026-01-14T15:27:15.6817776Z ##[endgroup]
Recursive Self-Improvement Cycle	UNKNOWN STEP	2026-01-14T15:27:15.6818640Z ##[group]Determining the checkout info
Recursive Self-Improvement Cycle	UNKNOWN STEP	2026-01-14T15:27:15.6819580Z ##[endgroup]
Recursive Self-Improvement Cycle	UNKNOWN STEP	2026-01-14T15:27:15.6824498Z [command]/usr/bin/git sparse-checkout disable
Recursive Self-Improvement Cycle	UNKNOWN STEP	2026-01-14T15:27:15.6864347Z [command]/usr/bin/git config --local --unset-all extensions.worktreeConfig
Recursive Self-Improvement Cycle	UNKNOWN STEP	2026-01-14T15:27:15.6889283Z ##[group]Checking out the ref
Recursive Self-Improvement Cycle	UNKNOWN STEP	2026-01-14T15:27:15.6894718Z [command]/usr/bin/git checkout --progress --force -B main refs/remotes/origin/main
Recursive Self-Improvement Cycle	UNKNOWN STEP	2026-01-14T15:27:16.7175477Z Updating files:  84% (25342/29881)
Recursive Self-Improvement Cycle	UNKNOWN STEP	2026-01-14T15:27:16.7268736Z Updating files:  85% (25399/29881)
Recursive Self-Improvement Cycle	UNKNOWN STEP	2026-01-14T15:27:16.7359732Z Updating files:  86% (25698/29881)
Recursive Self-Improvement Cycle	UNKNOWN STEP	2026-01-14T15:27:16.7451701Z Updating files:  87% (25997/29881)
Recursive Self-Improvement Cycle	UNKNOWN STEP	2026-01-14T15:27:16.7546636Z Updating files:  88% (26296/29881)
Recursive Self-Improvement Cycle	UNKNOWN STEP	2026-01-14T15:27:16.7636803Z Updating files:  89% (26595/29881)
Recursive Self-Improvement Cycle	UNKNOWN STEP	2026-01-14T15:27:16.7754860Z Updating files:  90% (26893/29881)
Recursive Self-Improvement Cycle	UNKNOWN STEP	2026-01-14T15:27:16.7843490Z Updating files:  91% (27192/29881)
Recursive Self-Improvement Cycle	UNKNOWN STEP	2026-01-14T15:27:16.8018672Z Updating files:  92% (27491/29881)
Recursive Self-Improvement Cycle	UNKNOWN STEP	2026-01-14T15:27:16.8173749Z Updating files:  93% (27790/29881)
Recursive Self-Improvement Cycle	UNKNOWN STEP	2026-01-14T15:27:16.8351649Z Updating files:  94% (28089/29881)
Recursive Self-Improvement Cycle	UNKNOWN STEP	2026-01-14T15:27:16.8471601Z Updating files:  95% (28387/29881)
Recursive Self-Improvement Cycle	UNKNOWN STEP	2026-01-14T15:27:16.8588924Z Updating files:  96% (28686/29881)
Recursive Self-Improvement Cycle	UNKNOWN STEP	2026-01-14T15:27:16.8708882Z Updating files:  97% (28985/29881)
Recursive Self-Improvement Cycle	UNKNOWN STEP	2026-01-14T15:27:16.8920213Z Updating files:  98% (29284/29881)
Recursive Self-Improvement Cycle	UNKNOWN STEP	2026-01-14T15:27:16.9575276Z Updating files:  99% (29583/29881)
Recursive Self-Improvement Cycle	UNKNOWN STEP	2026-01-14T15:27:16.9575886Z Updating files: 100% (29881/29881)
Recursive Self-Improvement Cycle	UNKNOWN STEP	2026-01-14T15:27:16.9576365Z Updating files: 100% (29881/29881), done.
Recursive Self-Improvement Cycle	UNKNOWN STEP	2026-01-14T15:27:16.9911572Z Switched to a new branch 'main'
Recursive Self-Improvement Cycle	UNKNOWN STEP	2026-01-14T15:27:16.9913991Z branch 'main' set up to track 'origin/main'.
Recursive Self-Improvement Cycle	UNKNOWN STEP	2026-01-14T15:27:16.9961434Z ##[endgroup]
Recursive Self-Improvement Cycle	UNKNOWN STEP	2026-01-14T15:27:17.0012930Z [command]/usr/bin/git log -1 --format=%H
Recursive Self-Improvement Cycle	UNKNOWN STEP	2026-01-14T15:27:17.0036101Z fac2861db75858316a9985a4807d550950bea3f7
Recursive Self-Improvement Cycle	UNKNOWN STEP	2026-01-14T15:27:17.0250525Z ##[group]Run actions/setup-node@v4
Recursive Self-Improvement Cycle	UNKNOWN STEP	2026-01-14T15:27:17.0250806Z with:
Recursive Self-Improvement Cycle	UNKNOWN STEP	2026-01-14T15:27:17.0250993Z   node-version: 22
Recursive Self-Improvement Cycle	UNKNOWN STEP	2026-01-14T15:27:17.0251186Z   cache: npm
Recursive Self-Improvement Cycle	UNKNOWN STEP	2026-01-14T15:27:17.0251370Z   always-auth: false
Recursive Self-Improvement Cycle	UNKNOWN STEP	2026-01-14T15:27:17.0251564Z   check-latest: false
Recursive Self-Improvement Cycle	UNKNOWN STEP	2026-01-14T15:27:17.0251897Z   token: ***
Recursive Self-Improvement Cycle	UNKNOWN STEP	2026-01-14T15:27:17.0252077Z ##[endgroup]
Recursive Self-Improvement Cycle	UNKNOWN STEP	2026-01-14T15:27:17.1997669Z Found in cache @ /opt/hostedtoolcache/node/22.21.1/x64
Recursive Self-Improvement Cycle	UNKNOWN STEP	2026-01-14T15:27:17.2004064Z ##[group]Environment details
Recursive Self-Improvement Cycle	UNKNOWN STEP	2026-01-14T15:27:19.5552434Z node: v22.21.1
Recursive Self-Improvement Cycle	UNKNOWN STEP	2026-01-14T15:27:19.5553073Z npm: 10.9.4
Recursive Self-Improvement Cycle	UNKNOWN STEP	2026-01-14T15:27:19.5553352Z yarn: 1.22.22
Recursive Self-Improvement Cycle	UNKNOWN STEP	2026-01-14T15:27:19.5554799Z ##[endgroup]
Recursive Self-Improvement Cycle	UNKNOWN STEP	2026-01-14T15:27:19.5575350Z [command]/opt/hostedtoolcache/node/22.21.1/x64/bin/npm config get cache
Recursive Self-Improvement Cycle	UNKNOWN STEP	2026-01-14T15:27:19.7907853Z /home/runner/.npm
Recursive Self-Improvement Cycle	UNKNOWN STEP	2026-01-14T15:27:20.0036973Z Cache hit for: node-cache-Linux-x64-npm-bbb98e059c54c8e956f09465630b54c53a49fc201263622719e37461716c29ea
Recursive Self-Improvement Cycle	UNKNOWN STEP	2026-01-14T15:27:21.1273995Z Received 104857600 of 278944198 (37.6%), 99.9 MBs/sec
Recursive Self-Improvement Cycle	UNKNOWN STEP	2026-01-14T15:27:22.1281049Z Received 243269632 of 278944198 (87.2%), 115.9 MBs/sec
Recursive Self-Improvement Cycle	UNKNOWN STEP	2026-01-14T15:27:22.7765498Z Received 278944198 of 278944198 (100.0%), 100.4 MBs/sec
Recursive Self-Improvement Cycle	UNKNOWN STEP	2026-01-14T15:27:22.7767456Z Cache Size: ~266 MB (278944198 B)
Recursive Self-Improvement Cycle	UNKNOWN STEP	2026-01-14T15:27:22.7880702Z [command]/usr/bin/tar -xf /home/runner/work/_temp/86e05d0d-30aa-4ae6-8dd4-54decbd9b0c6/cache.tzst -P -C /home/runner/work/prepflow-landing/prepflow-landing --use-compress-program unzstd
Recursive Self-Improvement Cycle	UNKNOWN STEP	2026-01-14T15:27:23.3730825Z Cache restored successfully
Recursive Self-Improvement Cycle	UNKNOWN STEP	2026-01-14T15:27:23.4279044Z Cache restored from key: node-cache-Linux-x64-npm-bbb98e059c54c8e956f09465630b54c53a49fc201263622719e37461716c29ea
Recursive Self-Improvement Cycle	UNKNOWN STEP	2026-01-14T15:27:23.4445936Z ##[group]Run npm ci
Recursive Self-Improvement Cycle	UNKNOWN STEP	2026-01-14T15:27:23.4446217Z [36;1mnpm ci[0m
Recursive Self-Improvement Cycle	UNKNOWN STEP	2026-01-14T15:27:23.4494672Z shell: /usr/bin/bash -e {0}
Recursive Self-Improvement Cycle	UNKNOWN STEP	2026-01-14T15:27:23.4494944Z ##[endgroup]
Recursive Self-Improvement Cycle	UNKNOWN STEP	2026-01-14T15:27:32.0330338Z npm warn deprecated rimraf@2.6.3: Rimraf versions prior to v4 are no longer supported
Recursive Self-Improvement Cycle	UNKNOWN STEP	2026-01-14T15:27:33.0139399Z npm warn deprecated node-domexception@1.0.0: Use your platform's native DOMException instead
Recursive Self-Improvement Cycle	UNKNOWN STEP	2026-01-14T15:27:49.9664471Z 
Recursive Self-Improvement Cycle	UNKNOWN STEP	2026-01-14T15:27:49.9665087Z > curbos@0.6.7 prepare
Recursive Self-Improvement Cycle	UNKNOWN STEP	2026-01-14T15:27:49.9665578Z > husky
Recursive Self-Improvement Cycle	UNKNOWN STEP	2026-01-14T15:27:49.9665818Z 
Recursive Self-Improvement Cycle	UNKNOWN STEP	2026-01-14T15:27:50.0603821Z 
Recursive Self-Improvement Cycle	UNKNOWN STEP	2026-01-14T15:27:50.0604953Z added 1442 packages, and audited 1443 packages in 27s
Recursive Self-Improvement Cycle	UNKNOWN STEP	2026-01-14T15:27:50.0605422Z 
Recursive Self-Improvement Cycle	UNKNOWN STEP	2026-01-14T15:27:50.0605702Z 296 packages are looking for funding
Recursive Self-Improvement Cycle	UNKNOWN STEP	2026-01-14T15:27:50.0606232Z   run `npm fund` for details
Recursive Self-Improvement Cycle	UNKNOWN STEP	2026-01-14T15:27:50.0621887Z 
Recursive Self-Improvement Cycle	UNKNOWN STEP	2026-01-14T15:27:50.0622350Z found 0 vulnerabilities
Recursive Self-Improvement Cycle	UNKNOWN STEP	2026-01-14T15:27:50.2384059Z ##[group]Run npm run rsi:run -- --full
Recursive Self-Improvement Cycle	UNKNOWN STEP	2026-01-14T15:27:50.2384419Z [36;1mnpm run rsi:run -- --full[0m
Recursive Self-Improvement Cycle	UNKNOWN STEP	2026-01-14T15:27:50.2416800Z shell: /usr/bin/bash -e {0}
Recursive Self-Improvement Cycle	UNKNOWN STEP	2026-01-14T15:27:50.2417041Z env:
Recursive Self-Improvement Cycle	UNKNOWN STEP	2026-01-14T15:27:50.2417205Z   CI: true
Recursive Self-Improvement Cycle	UNKNOWN STEP	2026-01-14T15:27:50.2417381Z ##[endgroup]
Recursive Self-Improvement Cycle	UNKNOWN STEP	2026-01-14T15:27:50.3440270Z 
Recursive Self-Improvement Cycle	UNKNOWN STEP	2026-01-14T15:27:50.3440774Z > curbos@0.6.7 rsi:run
Recursive Self-Improvement Cycle	UNKNOWN STEP	2026-01-14T15:27:50.3441172Z > node scripts/rsi/orchestrator.js --full
Recursive Self-Improvement Cycle	UNKNOWN STEP	2026-01-14T15:27:50.3441410Z 
Recursive Self-Improvement Cycle	UNKNOWN STEP	2026-01-14T15:27:50.4758530Z ü§ñ RSI Orchestrator Initializing...
Recursive Self-Improvement Cycle	UNKNOWN STEP	2026-01-14T15:27:50.9830898Z 
Recursive Self-Improvement Cycle	UNKNOWN STEP	2026-01-14T15:27:50.9831699Z --- Module: Auto-Fixer ---
Recursive Self-Improvement Cycle	UNKNOWN STEP	2026-01-14T15:27:50.9832249Z > Executing: npm run rsi:fix  
Recursive Self-Improvement Cycle	UNKNOWN STEP	2026-01-14T15:27:51.2698553Z 
Recursive Self-Improvement Cycle	UNKNOWN STEP	2026-01-14T15:27:51.2699067Z > curbos@0.6.7 rsi:fix
Recursive Self-Improvement Cycle	UNKNOWN STEP	2026-01-14T15:27:51.2699417Z > node scripts/rsi/auto-fix.js
Recursive Self-Improvement Cycle	UNKNOWN STEP	2026-01-14T15:27:51.2699603Z 
Recursive Self-Improvement Cycle	UNKNOWN STEP	2026-01-14T15:27:51.2699943Z ü§ñ RSI Auto-Fixer Starting...
Recursive Self-Improvement Cycle	UNKNOWN STEP	2026-01-14T15:27:51.2700285Z Scanning with Demo Cleanup Provider...
Recursive Self-Improvement Cycle	UNKNOWN STEP	2026-01-14T15:27:51.2700715Z ‚úÖ No issues found.
Recursive Self-Improvement Cycle	UNKNOWN STEP	2026-01-14T15:27:51.2700847Z 
Recursive Self-Improvement Cycle	UNKNOWN STEP	2026-01-14T15:27:51.2700853Z 
Recursive Self-Improvement Cycle	UNKNOWN STEP	2026-01-14T15:27:51.2701015Z --- Module: Self-Optimization ---
Recursive Self-Improvement Cycle	UNKNOWN STEP	2026-01-14T15:27:51.2701345Z > Executing: npm run rsi:optimize  
Recursive Self-Improvement Cycle	UNKNOWN STEP	2026-01-14T15:27:51.4786063Z 
Recursive Self-Improvement Cycle	UNKNOWN STEP	2026-01-14T15:27:51.4786826Z > curbos@0.6.7 rsi:optimize
Recursive Self-Improvement Cycle	UNKNOWN STEP	2026-01-14T15:27:51.4787437Z > node scripts/rsi/self-optimize.js
Recursive Self-Improvement Cycle	UNKNOWN STEP	2026-01-14T15:27:51.4787737Z 
Recursive Self-Improvement Cycle	UNKNOWN STEP	2026-01-14T15:27:51.4788276Z üß† RSI Self-Optimizer Starting...
Recursive Self-Improvement Cycle	UNKNOWN STEP	2026-01-14T15:27:51.4788741Z ==============================
Recursive Self-Improvement Cycle	UNKNOWN STEP	2026-01-14T15:27:51.4789188Z Found 1 optimization suggestions:
Recursive Self-Improvement Cycle	UNKNOWN STEP	2026-01-14T15:27:51.4789464Z 
Recursive Self-Improvement Cycle	UNKNOWN STEP	2026-01-14T15:27:51.4789840Z üîπ Parameter: confidenceThreshold.medium
Recursive Self-Improvement Cycle	UNKNOWN STEP	2026-01-14T15:27:51.4790392Z    Current:   0.7
Recursive Self-Improvement Cycle	UNKNOWN STEP	2026-01-14T15:27:51.4790760Z    Proposed:  0.65
Recursive Self-Improvement Cycle	UNKNOWN STEP	2026-01-14T15:27:51.4791546Z    Reason:    Zero rollbacks observed. We can be slightly more aggressive to increase velocity.
Recursive Self-Improvement Cycle	UNKNOWN STEP	2026-01-14T15:27:51.4792368Z    Confidence: 80%
Recursive Self-Improvement Cycle	UNKNOWN STEP	2026-01-14T15:27:51.4793704Z    ‚ÑπÔ∏è  Auto-application not yet implemented for config. Please update manually.
Recursive Self-Improvement Cycle	UNKNOWN STEP	2026-01-14T15:27:51.4794333Z 
Recursive Self-Improvement Cycle	UNKNOWN STEP	2026-01-14T15:27:51.4794351Z 
Recursive Self-Improvement Cycle	UNKNOWN STEP	2026-01-14T15:27:51.4794360Z 
Recursive Self-Improvement Cycle	UNKNOWN STEP	2026-01-14T15:27:51.4794595Z --- Module: Meta-Learning ---
Recursive Self-Improvement Cycle	UNKNOWN STEP	2026-01-14T15:27:51.4795328Z > Executing: npm run rsi:evolve  
Recursive Self-Improvement Cycle	UNKNOWN STEP	2026-01-14T15:27:51.6914605Z 
Recursive Self-Improvement Cycle	UNKNOWN STEP	2026-01-14T15:27:51.6915162Z > curbos@0.6.7 rsi:evolve
Recursive Self-Improvement Cycle	UNKNOWN STEP	2026-01-14T15:27:51.6915720Z > node scripts/rsi/evolve-rules.js
Recursive Self-Improvement Cycle	UNKNOWN STEP	2026-01-14T15:27:51.6916040Z 
Recursive Self-Improvement Cycle	UNKNOWN STEP	2026-01-14T15:27:51.6916660Z üß† RSI Meta-Learning / Rule Evolution Starting...
Recursive Self-Improvement Cycle	UNKNOWN STEP	2026-01-14T15:27:51.6917397Z ==============================================
Recursive Self-Improvement Cycle	UNKNOWN STEP	2026-01-14T15:27:51.6917721Z 
Recursive Self-Improvement Cycle	UNKNOWN STEP	2026-01-14T15:27:51.6917954Z üí° Generated 1 insights.
Recursive Self-Improvement Cycle	UNKNOWN STEP	2026-01-14T15:27:51.6918418Z    - [85%] Replacing "any" with specific interfaces has 100% success rate in API routes.
Recursive Self-Improvement Cycle	UNKNOWN STEP	2026-01-14T15:27:51.6918761Z 
Recursive Self-Improvement Cycle	UNKNOWN STEP	2026-01-14T15:27:51.6918953Z üìö Synthesized 1 new rule candidates.
Recursive Self-Improvement Cycle	UNKNOWN STEP	2026-01-14T15:27:51.6919542Z    - Auto-generated rule from insight: Replacing "any" with specific interfaces has 100% success rate in API routes.
Recursive Self-Improvement Cycle	UNKNOWN STEP	2026-01-14T15:27:51.6920004Z 
Recursive Self-Improvement Cycle	UNKNOWN STEP	2026-01-14T15:27:51.6920193Z ‚úÖ Learning session saved to history.
Recursive Self-Improvement Cycle	UNKNOWN STEP	2026-01-14T15:27:51.6920371Z 
Recursive Self-Improvement Cycle	UNKNOWN STEP	2026-01-14T15:27:51.6920376Z 
Recursive Self-Improvement Cycle	UNKNOWN STEP	2026-01-14T15:27:51.6920519Z --- Module: Rule Evolution ---
Recursive Self-Improvement Cycle	UNKNOWN STEP	2026-01-14T15:27:51.6920824Z > Executing: npm run rsi:rule  generate
Recursive Self-Improvement Cycle	UNKNOWN STEP	2026-01-14T15:27:51.9057149Z 
Recursive Self-Improvement Cycle	UNKNOWN STEP	2026-01-14T15:27:51.9057689Z > curbos@0.6.7 rsi:rule
Recursive Self-Improvement Cycle	UNKNOWN STEP	2026-01-14T15:27:51.9058229Z > node scripts/rsi/auto-rule.js generate
Recursive Self-Improvement Cycle	UNKNOWN STEP	2026-01-14T15:27:51.9058568Z 
Recursive Self-Improvement Cycle	UNKNOWN STEP	2026-01-14T15:27:51.9058955Z ‚öñÔ∏è  RSI Rule Evolution Agent Starting...
Recursive Self-Improvement Cycle	UNKNOWN STEP	2026-01-14T15:27:51.9059286Z =====================================
Recursive Self-Improvement Cycle	UNKNOWN STEP	2026-01-14T15:27:51.9059464Z 
Recursive Self-Improvement Cycle	UNKNOWN STEP	2026-01-14T15:27:51.9059886Z Processing insight: "Replacing "any" with specific interfaces has 100% success rate in API routes."
Recursive Self-Improvement Cycle	UNKNOWN STEP	2026-01-14T15:27:51.9060277Z 
Recursive Self-Improvement Cycle	UNKNOWN STEP	2026-01-14T15:27:51.9060399Z Generated Rule Candidate:
Recursive Self-Improvement Cycle	UNKNOWN STEP	2026-01-14T15:27:51.9060668Z   Name: No Explicit Any in API
Recursive Self-Improvement Cycle	UNKNOWN STEP	2026-01-14T15:27:51.9060915Z   Check: : \s*any\b
Recursive Self-Improvement Cycle	UNKNOWN STEP	2026-01-14T15:27:51.9061565Z Evaluator: Testing rule "No Explicit Any in API" (: \s*any\b)...
Recursive Self-Improvement Cycle	UNKNOWN STEP	2026-01-14T15:27:51.9062006Z ‚úÖ Rule passed evaluation.
Recursive Self-Improvement Cycle	UNKNOWN STEP	2026-01-14T15:27:51.9062321Z Rule "No Explicit Any in API" already active.
Recursive Self-Improvement Cycle	UNKNOWN STEP	2026-01-14T15:27:51.9062535Z 
Recursive Self-Improvement Cycle	UNKNOWN STEP	2026-01-14T15:27:51.9062546Z 
Recursive Self-Improvement Cycle	UNKNOWN STEP	2026-01-14T15:27:51.9062998Z --- Module: Auto-Refactoring ---
Recursive Self-Improvement Cycle	UNKNOWN STEP	2026-01-14T15:27:51.9063579Z > Executing: npm run rsi:refactor  
Recursive Self-Improvement Cycle	UNKNOWN STEP	2026-01-14T15:27:53.1099468Z 
Recursive Self-Improvement Cycle	UNKNOWN STEP	2026-01-14T15:27:53.1100116Z > curbos@0.6.7 rsi:refactor
Recursive Self-Improvement Cycle	UNKNOWN STEP	2026-01-14T15:27:53.1100616Z > node scripts/rsi/auto-refactor.js
Recursive Self-Improvement Cycle	UNKNOWN STEP	2026-01-14T15:27:53.1100807Z 
Recursive Self-Improvement Cycle	UNKNOWN STEP	2026-01-14T15:27:53.1101333Z üèóÔ∏è  RSI Auto-Refactoring Agent Starting...
Recursive Self-Improvement Cycle	UNKNOWN STEP	2026-01-14T15:27:53.1101700Z =======================================
Recursive Self-Improvement Cycle	UNKNOWN STEP	2026-01-14T15:27:53.1101891Z 
Recursive Self-Improvement Cycle	UNKNOWN STEP	2026-01-14T15:27:53.1103461Z üìã Selected Plan: Fix 'any' Types: Eradicate `any` types (Found 2125 warnings). Enforced via "Zero New Any" policy (Warn). Start with `app/api/`.
Recursive Self-Improvement Cycle	UNKNOWN STEP	2026-01-14T15:27:53.1105267Z    Description: **[WEB]** Eradicate `any` types (Found 2125 warnings). Enforced via "Zero New Any" policy (Warn). Start with `app/api/`.
Recursive Self-Improvement Cycle	UNKNOWN STEP	2026-01-14T15:27:53.1106207Z    Impact: 9 | Risk: 2
Recursive Self-Improvement Cycle	UNKNOWN STEP	2026-01-14T15:27:53.1106459Z 
Recursive Self-Improvement Cycle	UNKNOWN STEP	2026-01-14T15:27:53.1106784Z üöÄ Executing refactor...
Recursive Self-Improvement Cycle	UNKNOWN STEP	2026-01-14T15:27:53.1107801Z Executing codemod: npx jscodeshift -t scripts/codemods/no-any.js app/**/*.ts --parser=tsx  --print
Recursive Self-Improvement Cycle	UNKNOWN STEP	2026-01-14T15:27:53.1108799Z ‚úÖ Refactoring applied.
Recursive Self-Improvement Cycle	UNKNOWN STEP	2026-01-14T15:27:53.1109561Z üîç Validating changes...
Recursive Self-Improvement Cycle	UNKNOWN STEP	2026-01-14T15:27:53.1110038Z Validating 1 files...
Recursive Self-Improvement Cycle	UNKNOWN STEP	2026-01-14T15:27:53.1110654Z ‚úÖ Validation passed. Ready to commit.
Recursive Self-Improvement Cycle	UNKNOWN STEP	2026-01-14T15:27:53.1111006Z 
Recursive Self-Improvement Cycle	UNKNOWN STEP	2026-01-14T15:27:53.1111033Z 
Recursive Self-Improvement Cycle	UNKNOWN STEP	2026-01-14T15:27:53.1111314Z --- Module: Predictive Analysis ---
Recursive Self-Improvement Cycle	UNKNOWN STEP	2026-01-14T15:27:53.1111995Z üîÆ Running Predictive Analysis...
Recursive Self-Improvement Cycle	UNKNOWN STEP	2026-01-14T15:27:53.1112605Z   ‚úÖ Predictive analysis complete
Recursive Self-Improvement Cycle	UNKNOWN STEP	2026-01-14T15:27:53.1113143Z 
Recursive Self-Improvement Cycle	UNKNOWN STEP	2026-01-14T15:27:53.1113412Z --- Module: Architecture Analysis ---
Recursive Self-Improvement Cycle	UNKNOWN STEP	2026-01-14T15:27:53.1114079Z üèóÔ∏è Running Architecture Analysis...
Recursive Self-Improvement Cycle	UNKNOWN STEP	2026-01-14T15:27:53.1114688Z   ‚úÖ Architecture analysis complete
Recursive Self-Improvement Cycle	UNKNOWN STEP	2026-01-14T15:27:53.1114993Z 
Recursive Self-Improvement Cycle	UNKNOWN STEP	2026-01-14T15:27:53.1115280Z ‚úÖ RSI Cycle Complete (2.13s)
Recursive Self-Improvement Cycle	UNKNOWN STEP	2026-01-14T15:27:53.1271910Z ##[group]Run git diff --exit-code || echo "changes=true" >> $GITHUB_OUTPUT
Recursive Self-Improvement Cycle	UNKNOWN STEP	2026-01-14T15:27:53.1272450Z [36;1mgit diff --exit-code || echo "changes=true" >> $GITHUB_OUTPUT[0m
Recursive Self-Improvement Cycle	UNKNOWN STEP	2026-01-14T15:27:53.1306180Z shell: /usr/bin/bash -e {0}
Recursive Self-Improvement Cycle	UNKNOWN STEP	2026-01-14T15:27:53.1306444Z ##[endgroup]
Recursive Self-Improvement Cycle	UNKNOWN STEP	2026-01-14T15:27:53.1616650Z diff --git a/docs/rsi/learning-history.json b/docs/rsi/learning-history.json
Recursive Self-Improvement Cycle	UNKNOWN STEP	2026-01-14T15:27:53.1617472Z index 1723d2fb6..ecbd42970 100644
Recursive Self-Improvement Cycle	UNKNOWN STEP	2026-01-14T15:27:53.1617990Z --- a/docs/rsi/learning-history.json
Recursive Self-Improvement Cycle	UNKNOWN STEP	2026-01-14T15:27:53.1618505Z +++ b/docs/rsi/learning-history.json
Recursive Self-Improvement Cycle	UNKNOWN STEP	2026-01-14T15:27:53.1618971Z @@ -64,5 +64,27 @@
Recursive Self-Improvement Cycle	UNKNOWN STEP	2026-01-14T15:27:53.1619285Z          ]
Recursive Self-Improvement Cycle	UNKNOWN STEP	2026-01-14T15:27:53.1619567Z        }
Recursive Self-Improvement Cycle	UNKNOWN STEP	2026-01-14T15:27:53.1619842Z      ]
Recursive Self-Improvement Cycle	UNKNOWN STEP	2026-01-14T15:27:53.1620114Z +  },
Recursive Self-Improvement Cycle	UNKNOWN STEP	2026-01-14T15:27:53.1620380Z +  {
Recursive Self-Improvement Cycle	UNKNOWN STEP	2026-01-14T15:27:53.1620815Z +    "timestamp": "2026-01-14T15:27:51.676Z",
Recursive Self-Improvement Cycle	UNKNOWN STEP	2026-01-14T15:27:53.1621289Z +    "insights": [
Recursive Self-Improvement Cycle	UNKNOWN STEP	2026-01-14T15:27:53.1621553Z +      {
Recursive Self-Improvement Cycle	UNKNOWN STEP	2026-01-14T15:27:53.1621861Z +        "patternId": "fix-any-types",
Recursive Self-Improvement Cycle	UNKNOWN STEP	2026-01-14T15:27:53.1622154Z +        "type": "frequency",
Recursive Self-Improvement Cycle	UNKNOWN STEP	2026-01-14T15:27:53.1622407Z +        "confidence": 0.85,
Recursive Self-Improvement Cycle	UNKNOWN STEP	2026-01-14T15:27:53.1623179Z +        "insight": "Replacing \"any\" with specific interfaces has 100% success rate in API routes.",
Recursive Self-Improvement Cycle	UNKNOWN STEP	2026-01-14T15:27:53.1623876Z +        "sourceFiles": []
Recursive Self-Improvement Cycle	UNKNOWN STEP	2026-01-14T15:27:53.1624091Z +      }
Recursive Self-Improvement Cycle	UNKNOWN STEP	2026-01-14T15:27:53.1624254Z +    ],
Recursive Self-Improvement Cycle	UNKNOWN STEP	2026-01-14T15:27:53.1624447Z +    "rulesGenerated": [
Recursive Self-Improvement Cycle	UNKNOWN STEP	2026-01-14T15:27:53.1624715Z +      {
Recursive Self-Improvement Cycle	UNKNOWN STEP	2026-01-14T15:27:53.1625292Z +        "id": "rule-1768404471676-745",
Recursive Self-Improvement Cycle	UNKNOWN STEP	2026-01-14T15:27:53.1626581Z +        "description": "Auto-generated rule from insight: Replacing \"any\" with specific interfaces has 100% success rate in API routes.",
Recursive Self-Improvement Cycle	UNKNOWN STEP	2026-01-14T15:27:53.1627423Z +        "ruleLogic": "apply fix when pattern matches 'fix-any-types'",
Recursive Self-Improvement Cycle	UNKNOWN STEP	2026-01-14T15:27:53.1627797Z +        "derivedFrom": [
Recursive Self-Improvement Cycle	UNKNOWN STEP	2026-01-14T15:27:53.1628043Z +          "fix-any-types"
Recursive Self-Improvement Cycle	UNKNOWN STEP	2026-01-14T15:27:53.1628252Z +        ]
Recursive Self-Improvement Cycle	UNKNOWN STEP	2026-01-14T15:27:53.1628429Z +      }
Recursive Self-Improvement Cycle	UNKNOWN STEP	2026-01-14T15:27:53.1628595Z +    ]
Recursive Self-Improvement Cycle	UNKNOWN STEP	2026-01-14T15:27:53.1628758Z    }
Recursive Self-Improvement Cycle	UNKNOWN STEP	2026-01-14T15:27:53.1628917Z  ]
Recursive Self-Improvement Cycle	UNKNOWN STEP	2026-01-14T15:27:53.1629114Z \ No newline at end of file
Recursive Self-Improvement Cycle	UNKNOWN STEP	2026-01-14T15:27:53.1629572Z diff --git a/docs/rsi/performance-logs.json b/docs/rsi/performance-logs.json
Recursive Self-Improvement Cycle	UNKNOWN STEP	2026-01-14T15:27:53.1630046Z index ef565908b..df1f43625 100644
Recursive Self-Improvement Cycle	UNKNOWN STEP	2026-01-14T15:27:53.1630346Z --- a/docs/rsi/performance-logs.json
Recursive Self-Improvement Cycle	UNKNOWN STEP	2026-01-14T15:27:53.1630657Z +++ b/docs/rsi/performance-logs.json
Recursive Self-Improvement Cycle	UNKNOWN STEP	2026-01-14T15:27:53.1630913Z @@ -33,5 +33,12 @@
Recursive Self-Improvement Cycle	UNKNOWN STEP	2026-01-14T15:27:53.1631144Z      "taskType": "full-cycle",
Recursive Self-Improvement Cycle	UNKNOWN STEP	2026-01-14T15:27:53.1631411Z      "durationMs": 2185.7511910000003,
Recursive Self-Improvement Cycle	UNKNOWN STEP	2026-01-14T15:27:53.1631669Z      "success": true
Recursive Self-Improvement Cycle	UNKNOWN STEP	2026-01-14T15:27:53.1632003Z +  },
Recursive Self-Improvement Cycle	UNKNOWN STEP	2026-01-14T15:27:53.1632194Z +  {
Recursive Self-Improvement Cycle	UNKNOWN STEP	2026-01-14T15:27:53.1632442Z +    "timestamp": "2026-01-14T15:27:53.110Z",
Recursive Self-Improvement Cycle	UNKNOWN STEP	2026-01-14T15:27:53.1632999Z +    "taskId": "orchestrator-run",
Recursive Self-Improvement Cycle	UNKNOWN STEP	2026-01-14T15:27:53.1633390Z +    "taskType": "full-cycle",
Recursive Self-Improvement Cycle	UNKNOWN STEP	2026-01-14T15:27:53.1633678Z +    "durationMs": 2127.2438110000003,
Recursive Self-Improvement Cycle	UNKNOWN STEP	2026-01-14T15:27:53.1633962Z +    "success": true
Recursive Self-Improvement Cycle	UNKNOWN STEP	2026-01-14T15:27:53.1634150Z    }
Recursive Self-Improvement Cycle	UNKNOWN STEP	2026-01-14T15:27:53.1634315Z  ]
Recursive Self-Improvement Cycle	UNKNOWN STEP	2026-01-14T15:27:53.1634505Z \ No newline at end of file
Recursive Self-Improvement Cycle	UNKNOWN STEP	2026-01-14T15:27:53.1752314Z ##[group]Run peter-evans/create-pull-request@v6
Recursive Self-Improvement Cycle	UNKNOWN STEP	2026-01-14T15:27:53.1752637Z with:
Recursive Self-Improvement Cycle	UNKNOWN STEP	2026-01-14T15:27:53.1753437Z   token: ***
Recursive Self-Improvement Cycle	UNKNOWN STEP	2026-01-14T15:27:53.1753731Z   commit-message: chore(rsi): automated self-improvement cycle
Recursive Self-Improvement Cycle	UNKNOWN STEP	2026-01-14T15:27:53.1754098Z   title: ü§ñ RSI Daily Improvements
Recursive Self-Improvement Cycle	UNKNOWN STEP	2026-01-14T15:27:53.1755603Z   body: This PR was automatically generated by the Recursive Self-Improvement (RSI) system.
Recursive Self-Improvement Cycle	UNKNOWN STEP	
Recursive Self-Improvement Cycle	UNKNOWN STEP	**Cycle Summary:**
Recursive Self-Improvement Cycle	UNKNOWN STEP	- Auto-Fixer: Ran cleanup checks and applied high-confidence fixes.
Recursive Self-Improvement Cycle	UNKNOWN STEP	- Self-Optimization: Tuned system parameters based on metrics.
Recursive Self-Improvement Cycle	UNKNOWN STEP	- Meta-Learning: Analyzed history for new insights.
Recursive Self-Improvement Cycle	UNKNOWN STEP	- Rule Evolution: Generated potential new rules.
Recursive Self-Improvement Cycle	UNKNOWN STEP	
Recursive Self-Improvement Cycle	UNKNOWN STEP	Please review the changes and merge if they look correct.
Recursive Self-Improvement Cycle	UNKNOWN STEP	
Recursive Self-Improvement Cycle	UNKNOWN STEP	2026-01-14T15:27:53.1757140Z   branch: rsi/nightly-improvements
Recursive Self-Improvement Cycle	UNKNOWN STEP	2026-01-14T15:27:53.1757386Z   base: main
Recursive Self-Improvement Cycle	UNKNOWN STEP	2026-01-14T15:27:53.1757575Z   delete-branch: true
Recursive Self-Improvement Cycle	UNKNOWN STEP	2026-01-14T15:27:53.1757945Z   committer: github-actions[bot] <41898282+github-actions[bot]@users.noreply.github.com>
Recursive Self-Improvement Cycle	UNKNOWN STEP	2026-01-14T15:27:53.1758520Z   author: KuschiKuschbert <206445349+KuschiKuschbert@users.noreply.github.com>
Recursive Self-Improvement Cycle	UNKNOWN STEP	2026-01-14T15:27:53.1758905Z   signoff: false
Recursive Self-Improvement Cycle	UNKNOWN STEP	2026-01-14T15:27:53.1759097Z   draft: false
Recursive Self-Improvement Cycle	UNKNOWN STEP	2026-01-14T15:27:53.1759281Z ##[endgroup]
Recursive Self-Improvement Cycle	UNKNOWN STEP	2026-01-14T15:27:53.2731511Z ##[group]Prepare git configuration
Recursive Self-Improvement Cycle	UNKNOWN STEP	2026-01-14T15:27:53.2783364Z [command]/usr/bin/git config --global --name-only --get-regexp safe.directory /home/runner/work/prepflow-landing/prepflow-landing
Recursive Self-Improvement Cycle	UNKNOWN STEP	2026-01-14T15:27:53.2845481Z [command]/usr/bin/git config --global --add safe.directory /home/runner/work/prepflow-landing/prepflow-landing
Recursive Self-Improvement Cycle	UNKNOWN STEP	2026-01-14T15:27:53.2875786Z [command]/usr/bin/git config --local --get remote.origin.url
Recursive Self-Improvement Cycle	UNKNOWN STEP	2026-01-14T15:27:53.2897252Z https://github.com/KuschiKuschbert/prepflow-landing
Recursive Self-Improvement Cycle	UNKNOWN STEP	2026-01-14T15:27:53.2912166Z [command]/usr/bin/git config --local --name-only --get-regexp http.https://github.com/.extraheader ^AUTHORIZATION:
Recursive Self-Improvement Cycle	UNKNOWN STEP	2026-01-14T15:27:53.2935156Z http.https://github.com/.extraheader
Recursive Self-Improvement Cycle	UNKNOWN STEP	2026-01-14T15:27:53.2945095Z [command]/usr/bin/git config --local --get-regexp http.https://github.com/.extraheader ^AUTHORIZATION:
Recursive Self-Improvement Cycle	UNKNOWN STEP	2026-01-14T15:27:53.2966997Z http.https://github.com/.extraheader AUTHORIZATION: basic ***
Recursive Self-Improvement Cycle	UNKNOWN STEP	2026-01-14T15:27:53.2976458Z [command]/usr/bin/git config --local --unset http.https://github.com/.extraheader ^AUTHORIZATION:
Recursive Self-Improvement Cycle	UNKNOWN STEP	2026-01-14T15:27:53.3004978Z Unset config key 'http.https://github.com/.extraheader'
Recursive Self-Improvement Cycle	UNKNOWN STEP	2026-01-14T15:27:53.3005838Z ##[endgroup]
Recursive Self-Improvement Cycle	UNKNOWN STEP	2026-01-14T15:27:53.3006434Z ##[group]Determining the base and head repositories
Recursive Self-Improvement Cycle	UNKNOWN STEP	2026-01-14T15:27:53.3074639Z ##[endgroup]
Recursive Self-Improvement Cycle	UNKNOWN STEP	2026-01-14T15:27:53.3075735Z Pull request branch target repository set to KuschiKuschbert/prepflow-landing
Recursive Self-Improvement Cycle	UNKNOWN STEP	2026-01-14T15:27:53.3076801Z ##[group]Configuring credential for HTTPS authentication
Recursive Self-Improvement Cycle	UNKNOWN STEP	2026-01-14T15:27:53.3083105Z [command]/usr/bin/git config --local http.https://github.com/.extraheader AUTHORIZATION: basic ***
Recursive Self-Improvement Cycle	UNKNOWN STEP	2026-01-14T15:27:53.3132067Z [command]/usr/bin/git rev-parse --git-dir
Recursive Self-Improvement Cycle	UNKNOWN STEP	2026-01-14T15:27:53.3154983Z .git
Recursive Self-Improvement Cycle	UNKNOWN STEP	2026-01-14T15:27:53.3173457Z ##[endgroup]
Recursive Self-Improvement Cycle	UNKNOWN STEP	2026-01-14T15:27:53.3173886Z ##[group]Checking the base repository state
Recursive Self-Improvement Cycle	UNKNOWN STEP	2026-01-14T15:27:53.3180019Z [command]/usr/bin/git symbolic-ref HEAD --short
Recursive Self-Improvement Cycle	UNKNOWN STEP	2026-01-14T15:27:53.3236587Z main
Recursive Self-Improvement Cycle	UNKNOWN STEP	2026-01-14T15:27:53.3241007Z Working base is branch 'main'
Recursive Self-Improvement Cycle	UNKNOWN STEP	2026-01-14T15:27:53.3246092Z [command]/usr/bin/git remote prune origin
Recursive Self-Improvement Cycle	UNKNOWN STEP	2026-01-14T15:27:53.5683518Z ##[endgroup]
Recursive Self-Improvement Cycle	UNKNOWN STEP	2026-01-14T15:27:53.5684531Z Pull request branch to create or update set to 'rsi/nightly-improvements'
Recursive Self-Improvement Cycle	UNKNOWN STEP	2026-01-14T15:27:53.5685474Z ##[group]Configuring the committer and author
Recursive Self-Improvement Cycle	UNKNOWN STEP	2026-01-14T15:27:53.5687408Z Configured git committer as 'github-actions[bot] <41898282+github-actions[bot]@users.noreply.github.com>'
Recursive Self-Improvement Cycle	UNKNOWN STEP	2026-01-14T15:27:53.5688823Z Configured git author as 'KuschiKuschbert <206445349+KuschiKuschbert@users.noreply.github.com>'
Recursive Self-Improvement Cycle	UNKNOWN STEP	2026-01-14T15:27:53.5689841Z ##[endgroup]
Recursive Self-Improvement Cycle	UNKNOWN STEP	2026-01-14T15:27:53.5690432Z ##[group]Create or update the pull request branch
Recursive Self-Improvement Cycle	UNKNOWN STEP	2026-01-14T15:27:53.5698800Z [command]/usr/bin/git symbolic-ref HEAD --short
Recursive Self-Improvement Cycle	UNKNOWN STEP	2026-01-14T15:27:53.5729159Z main
Recursive Self-Improvement Cycle	UNKNOWN STEP	2026-01-14T15:27:53.5735947Z Working base is branch 'main'
Recursive Self-Improvement Cycle	UNKNOWN STEP	2026-01-14T15:27:53.5747232Z [command]/usr/bin/git checkout --progress -B 26ad1ec6-bf06-4df7-9fec-49d42d0fcec1 HEAD --
Recursive Self-Improvement Cycle	UNKNOWN STEP	2026-01-14T15:27:53.6376225Z Switched to a new branch '26ad1ec6-bf06-4df7-9fec-49d42d0fcec1'
Recursive Self-Improvement Cycle	UNKNOWN STEP	2026-01-14T15:27:53.6377291Z M	docs/rsi/learning-history.json
Recursive Self-Improvement Cycle	UNKNOWN STEP	2026-01-14T15:27:53.6378055Z M	docs/rsi/performance-logs.json
Recursive Self-Improvement Cycle	UNKNOWN STEP	2026-01-14T15:27:53.6459453Z [command]/usr/bin/git status --porcelain -unormal --
Recursive Self-Improvement Cycle	UNKNOWN STEP	2026-01-14T15:27:53.7189701Z  M docs/rsi/learning-history.json
Recursive Self-Improvement Cycle	UNKNOWN STEP	2026-01-14T15:27:53.7190403Z  M docs/rsi/performance-logs.json
Recursive Self-Improvement Cycle	UNKNOWN STEP	2026-01-14T15:27:53.7198329Z Uncommitted changes found. Adding a commit.
Recursive Self-Improvement Cycle	UNKNOWN STEP	2026-01-14T15:27:53.7202831Z [command]/usr/bin/git add -A
Recursive Self-Improvement Cycle	UNKNOWN STEP	2026-01-14T15:27:53.8059825Z [command]/usr/bin/git -c author.name=KuschiKuschbert -c author.email=206445349+KuschiKuschbert@users.noreply.github.com -c committer.name=github-actions[bot] -c committer.email=41898282+github-actions[bot]@users.noreply.github.com commit -m chore(rsi): automated self-improvement cycle
Recursive Self-Improvement Cycle	UNKNOWN STEP	2026-01-14T15:27:53.8605385Z ü¶Å The Brain (Pre-Commit Guard)...
Recursive Self-Improvement Cycle	UNKNOWN STEP	2026-01-14T15:27:54.6960928Z    - Security (Auditor)... [0;32mPass[0m
Recursive Self-Improvement Cycle	UNKNOWN STEP	2026-01-14T15:27:55.4867222Z    - Health (Sentinel)... [0;32mPass[0m
Recursive Self-Improvement Cycle	UNKNOWN STEP	2026-01-14T15:28:06.0816785Z    - Architecture (Architect)... [0;32mPass[0m
Recursive Self-Improvement Cycle	UNKNOWN STEP	2026-01-14T15:28:06.0819824Z [0;32m‚úÖ All Guards Passed. Commit Approved.[0m
Recursive Self-Improvement Cycle	UNKNOWN STEP	2026-01-14T15:28:06.0989711Z husky - DEPRECATED
Recursive Self-Improvement Cycle	UNKNOWN STEP	2026-01-14T15:28:06.0990028Z 
Recursive Self-Improvement Cycle	UNKNOWN STEP	2026-01-14T15:28:06.0990493Z Please remove the following two lines from .husky/commit-msg:
Recursive Self-Improvement Cycle	UNKNOWN STEP	2026-01-14T15:28:06.0990984Z 
Recursive Self-Improvement Cycle	UNKNOWN STEP	2026-01-14T15:28:06.0991158Z #!/usr/bin/env sh
Recursive Self-Improvement Cycle	UNKNOWN STEP	2026-01-14T15:28:06.0991636Z . "$(dirname -- "$0")/_/husky.sh"
Recursive Self-Improvement Cycle	UNKNOWN STEP	2026-01-14T15:28:06.0991946Z 
Recursive Self-Improvement Cycle	UNKNOWN STEP	2026-01-14T15:28:06.0992135Z They WILL FAIL in v10.0.0
Recursive Self-Improvement Cycle	UNKNOWN STEP	2026-01-14T15:28:06.0992392Z 
Recursive Self-Improvement Cycle	UNKNOWN STEP	2026-01-14T15:28:06.6468770Z [26ad1ec6-bf06-4df7-9fec-49d42d0fcec1 e46a0b392] chore(rsi): automated self-improvement cycle
Recursive Self-Improvement Cycle	UNKNOWN STEP	2026-01-14T15:28:06.6469529Z  Author: KuschiKuschbert <206445349+KuschiKuschbert@users.noreply.github.com>
Recursive Self-Improvement Cycle	UNKNOWN STEP	2026-01-14T15:28:06.6469999Z  2 files changed, 29 insertions(+)
Recursive Self-Improvement Cycle	UNKNOWN STEP	2026-01-14T15:28:06.6482432Z [command]/usr/bin/git stash push --include-untracked
Recursive Self-Improvement Cycle	UNKNOWN STEP	2026-01-14T15:28:06.7311984Z No local changes to save
Recursive Self-Improvement Cycle	UNKNOWN STEP	2026-01-14T15:28:06.7319092Z Resetting working base branch 'main'
Recursive Self-Improvement Cycle	UNKNOWN STEP	2026-01-14T15:28:06.7325171Z [command]/usr/bin/git checkout --progress main --
Recursive Self-Improvement Cycle	UNKNOWN STEP	2026-01-14T15:28:06.7885673Z Switched to branch 'main'
Recursive Self-Improvement Cycle	UNKNOWN STEP	2026-01-14T15:28:06.7886968Z Your branch is up to date with 'origin/main'.
Recursive Self-Improvement Cycle	UNKNOWN STEP	2026-01-14T15:28:06.7961325Z [command]/usr/bin/git reset --hard origin/main
Recursive Self-Improvement Cycle	UNKNOWN STEP	2026-01-14T15:28:06.8977051Z HEAD is now at fac2861db Merge pull request #20 from KuschiKuschbert/rsi/nightly-improvements
Recursive Self-Improvement Cycle	UNKNOWN STEP	2026-01-14T15:28:06.8992240Z [command]/usr/bin/git rev-list --right-only --count main...26ad1ec6-bf06-4df7-9fec-49d42d0fcec1
Recursive Self-Improvement Cycle	UNKNOWN STEP	2026-01-14T15:28:06.9019074Z 1
Recursive Self-Improvement Cycle	UNKNOWN STEP	2026-01-14T15:28:06.9029413Z [command]/usr/bin/git -c protocol.version=2 fetch --no-tags --progress --no-recurse-submodules --force --depth=11 origin rsi/nightly-improvements:refs/remotes/origin/rsi/nightly-improvements
Recursive Self-Improvement Cycle	UNKNOWN STEP	2026-01-14T15:28:07.1476851Z fatal: couldn't find remote ref rsi/nightly-improvements
Recursive Self-Improvement Cycle	UNKNOWN STEP	2026-01-14T15:28:07.1509419Z Pull request branch 'rsi/nightly-improvements' does not exist yet.
Recursive Self-Improvement Cycle	UNKNOWN STEP	2026-01-14T15:28:07.1518808Z [command]/usr/bin/git checkout --progress -B rsi/nightly-improvements 26ad1ec6-bf06-4df7-9fec-49d42d0fcec1 --
Recursive Self-Improvement Cycle	UNKNOWN STEP	2026-01-14T15:28:07.2069323Z Switched to a new branch 'rsi/nightly-improvements'
Recursive Self-Improvement Cycle	UNKNOWN STEP	2026-01-14T15:28:07.2149408Z [command]/usr/bin/git rev-list --right-only --count main...rsi/nightly-improvements
Recursive Self-Improvement Cycle	UNKNOWN STEP	2026-01-14T15:28:07.2173622Z 1
Recursive Self-Improvement Cycle	UNKNOWN STEP	2026-01-14T15:28:07.2178221Z Created branch 'rsi/nightly-improvements'
Recursive Self-Improvement Cycle	UNKNOWN STEP	2026-01-14T15:28:07.2182303Z [command]/usr/bin/git rev-parse HEAD
Recursive Self-Improvement Cycle	UNKNOWN STEP	2026-01-14T15:28:07.2201450Z e46a0b392b394d7ffc2aa7ea369e71137c7d81c6
Recursive Self-Improvement Cycle	UNKNOWN STEP	2026-01-14T15:28:07.2209195Z [command]/usr/bin/git branch --delete --force 26ad1ec6-bf06-4df7-9fec-49d42d0fcec1
Recursive Self-Improvement Cycle	UNKNOWN STEP	2026-01-14T15:28:07.2233723Z Deleted branch 26ad1ec6-bf06-4df7-9fec-49d42d0fcec1 (was e46a0b392).
Recursive Self-Improvement Cycle	UNKNOWN STEP	2026-01-14T15:28:07.2241251Z [command]/usr/bin/git checkout --progress main --
Recursive Self-Improvement Cycle	UNKNOWN STEP	2026-01-14T15:28:07.2784603Z Switched to branch 'main'
Recursive Self-Improvement Cycle	UNKNOWN STEP	2026-01-14T15:28:07.2786452Z Your branch is up to date with 'origin/main'.
Recursive Self-Improvement Cycle	UNKNOWN STEP	2026-01-14T15:28:07.2859057Z ##[endgroup]
Recursive Self-Improvement Cycle	UNKNOWN STEP	2026-01-14T15:28:07.2859748Z ##[group]Pushing pull request branch to 'origin/rsi/nightly-improvements'
Recursive Self-Improvement Cycle	UNKNOWN STEP	2026-01-14T15:28:07.2864900Z [command]/usr/bin/git push --force-with-lease origin rsi/nightly-improvements:refs/heads/rsi/nightly-improvements
Recursive Self-Improvement Cycle	UNKNOWN STEP	2026-01-14T15:28:07.9961712Z remote: 
Recursive Self-Improvement Cycle	UNKNOWN STEP	2026-01-14T15:28:07.9963055Z remote: Create a pull request for 'rsi/nightly-improvements' on GitHub by visiting:        
Recursive Self-Improvement Cycle	UNKNOWN STEP	2026-01-14T15:28:07.9964847Z remote:      https://github.com/KuschiKuschbert/prepflow-landing/pull/new/rsi/nightly-improvements        
Recursive Self-Improvement Cycle	UNKNOWN STEP	2026-01-14T15:28:07.9965658Z remote: 
Recursive Self-Improvement Cycle	UNKNOWN STEP	2026-01-14T15:28:07.9969316Z To https://github.com/KuschiKuschbert/prepflow-landing
Recursive Self-Improvement Cycle	UNKNOWN STEP	2026-01-14T15:28:07.9969897Z  * [new branch]          rsi/nightly-improvements -> rsi/nightly-improvements
Recursive Self-Improvement Cycle	UNKNOWN STEP	2026-01-14T15:28:08.0008814Z ##[endgroup]
Recursive Self-Improvement Cycle	UNKNOWN STEP	2026-01-14T15:28:08.0009254Z ##[group]Create or update the pull request
Recursive Self-Improvement Cycle	UNKNOWN STEP	2026-01-14T15:28:08.0012902Z Attempting creation of pull request
Recursive Self-Improvement Cycle	UNKNOWN STEP	2026-01-14T15:28:09.1627200Z Created pull request #25 (KuschiKuschbert:rsi/nightly-improvements => main)
Recursive Self-Improvement Cycle	UNKNOWN STEP	2026-01-14T15:28:09.1628249Z ##[endgroup]
Recursive Self-Improvement Cycle	UNKNOWN STEP	2026-01-14T15:28:09.1628794Z ##[group]Setting outputs
Recursive Self-Improvement Cycle	UNKNOWN STEP	2026-01-14T15:28:09.1640477Z ##[endgroup]
Recursive Self-Improvement Cycle	UNKNOWN STEP	2026-01-14T15:28:09.1641037Z ##[group]Restore git configuration
Recursive Self-Improvement Cycle	UNKNOWN STEP	2026-01-14T15:28:09.1656822Z [command]/usr/bin/git config --local --name-only --get-regexp http.https://github.com/.extraheader ^AUTHORIZATION:
Recursive Self-Improvement Cycle	UNKNOWN STEP	2026-01-14T15:28:09.1694343Z http.https://github.com/.extraheader
Recursive Self-Improvement Cycle	UNKNOWN STEP	2026-01-14T15:28:09.1704876Z [command]/usr/bin/git config --local --get-regexp http.https://github.com/.extraheader ^AUTHORIZATION:
Recursive Self-Improvement Cycle	UNKNOWN STEP	2026-01-14T15:28:09.1730167Z http.https://github.com/.extraheader AUTHORIZATION: basic ***
Recursive Self-Improvement Cycle	UNKNOWN STEP	2026-01-14T15:28:09.1740412Z [command]/usr/bin/git config --local --unset http.https://github.com/.extraheader ^AUTHORIZATION:
Recursive Self-Improvement Cycle	UNKNOWN STEP	2026-01-14T15:28:09.1770062Z Unset config key 'http.https://github.com/.extraheader'
Recursive Self-Improvement Cycle	UNKNOWN STEP	2026-01-14T15:28:09.1776300Z [command]/usr/bin/git config --local http.https://github.com/.extraheader AUTHORIZATION: basic ***
Recursive Self-Improvement Cycle	UNKNOWN STEP	2026-01-14T15:28:09.1809893Z Persisted git credentials restored
Recursive Self-Improvement Cycle	UNKNOWN STEP	2026-01-14T15:28:09.1815432Z [command]/usr/bin/git config --global --unset safe.directory /home/runner/work/prepflow-landing/prepflow-landing
Recursive Self-Improvement Cycle	UNKNOWN STEP	2026-01-14T15:28:09.1844664Z ##[endgroup]
Recursive Self-Improvement Cycle	UNKNOWN STEP	2026-01-14T15:28:09.2339162Z Post job cleanup.
Recursive Self-Improvement Cycle	UNKNOWN STEP	2026-01-14T15:28:09.3850914Z Cache hit occurred on the primary key node-cache-Linux-x64-npm-bbb98e059c54c8e956f09465630b54c53a49fc201263622719e37461716c29ea, not saving cache.
Recursive Self-Improvement Cycle	UNKNOWN STEP	2026-01-14T15:28:09.3982549Z Post job cleanup.
Recursive Self-Improvement Cycle	UNKNOWN STEP	2026-01-14T15:28:09.4929685Z [command]/usr/bin/git version
Recursive Self-Improvement Cycle	UNKNOWN STEP	2026-01-14T15:28:09.4966128Z git version 2.52.0
Recursive Self-Improvement Cycle	UNKNOWN STEP	2026-01-14T15:28:09.5002864Z Copying '/home/runner/.gitconfig' to '/home/runner/work/_temp/5e99abc4-3cbf-49f9-880c-c142c661ab4c/.gitconfig'
Recursive Self-Improvement Cycle	UNKNOWN STEP	2026-01-14T15:28:09.5011688Z Temporarily overriding HOME='/home/runner/work/_temp/5e99abc4-3cbf-49f9-880c-c142c661ab4c' before making global git config changes
Recursive Self-Improvement Cycle	UNKNOWN STEP	2026-01-14T15:28:09.5012992Z Adding repository directory to the temporary git global config as a safe directory
Recursive Self-Improvement Cycle	UNKNOWN STEP	2026-01-14T15:28:09.5016992Z [command]/usr/bin/git config --global --add safe.directory /home/runner/work/prepflow-landing/prepflow-landing
Recursive Self-Improvement Cycle	UNKNOWN STEP	2026-01-14T15:28:09.5051664Z [command]/usr/bin/git config --local --name-only --get-regexp core\.sshCommand
Recursive Self-Improvement Cycle	UNKNOWN STEP	2026-01-14T15:28:09.5085583Z [command]/usr/bin/git submodule foreach --recursive sh -c "git config --local --name-only --get-regexp 'core\.sshCommand' && git config --local --unset-all 'core.sshCommand' || :"
Recursive Self-Improvement Cycle	UNKNOWN STEP	2026-01-14T15:28:09.5344650Z [command]/usr/bin/git config --local --name-only --get-regexp http\.https\:\/\/github\.com\/\.extraheader
Recursive Self-Improvement Cycle	UNKNOWN STEP	2026-01-14T15:28:09.5369399Z http.https://github.com/.extraheader
Recursive Self-Improvement Cycle	UNKNOWN STEP	2026-01-14T15:28:09.5387660Z [command]/usr/bin/git config --local --unset-all http.https://github.com/.extraheader
Recursive Self-Improvement Cycle	UNKNOWN STEP	2026-01-14T15:28:09.5424179Z [command]/usr/bin/git submodule foreach --recursive sh -c "git config --local --name-only --get-regexp 'http\.https\:\/\/github\.com\/\.extraheader' && git config --local --unset-all 'http.https://github.com/.extraheader' || :"
Recursive Self-Improvement Cycle	UNKNOWN STEP	2026-01-14T15:28:09.5695988Z [command]/usr/bin/git config --local --name-only --get-regexp ^includeIf\.gitdir:
Recursive Self-Improvement Cycle	UNKNOWN STEP	2026-01-14T15:28:09.5734350Z [command]/usr/bin/git submodule foreach --recursive git config --local --show-origin --name-only --get-regexp remote.origin.url
Recursive Self-Improvement Cycle	UNKNOWN STEP	2026-01-14T15:28:09.6131287Z Cleaning up orphan processes
